16:12:01 **** Build of project hello_world_bsp ****
make -k all 
Running Make include in microblaze_0/libsrc/bram_v4_0/src
make -C microblaze_0/libsrc/bram_v4_0/src -s include  "SHELL=/bin/sh" "COMPILER=mb-gcc" "ARCHIVER=mb-ar" "COMPILER_FLAGS= -O2 -c -mcpu=v9.5 -mlittle-endian -mxl-soft-mul" "EXTRA_COMPILER_FLAGS=-g"
Running Make include in microblaze_0/libsrc/cpu_v2_3/src
make -C microblaze_0/libsrc/cpu_v2_3/src -s include  "SHELL=/bin/sh" "COMPILER=mb-gcc" "ARCHIVER=mb-ar" "COMPILER_FLAGS= -O2 -c -mcpu=v9.5 -mlittle-endian -mxl-soft-mul" "EXTRA_COMPILER_FLAGS=-g"
Running Make include in microblaze_0/libsrc/gpio_v4_0/src
make -C microblaze_0/libsrc/gpio_v4_0/src -s include  "SHELL=/bin/sh" "COMPILER=mb-gcc" "ARCHIVER=mb-ar" "COMPILER_FLAGS= -O2 -c -mcpu=v9.5 -mlittle-endian -mxl-soft-mul" "EXTRA_COMPILER_FLAGS=-g"
Running Make include in microblaze_0/libsrc/standalone_v5_3/src
make -C microblaze_0/libsrc/standalone_v5_3/src -s include  "SHELL=/bin/sh" "COMPILER=mb-gcc" "ARCHIVER=mb-ar" "COMPILER_FLAGS= -O2 -c -mcpu=v9.5 -mlittle-endian -mxl-soft-mul" "EXTRA_COMPILER_FLAGS=-g"
Running Make include in microblaze_0/libsrc/uartlite_v3_1/src
make -C microblaze_0/libsrc/uartlite_v3_1/src -s include  "SHELL=/bin/sh" "COMPILER=mb-gcc" "ARCHIVER=mb-ar" "COMPILER_FLAGS= -O2 -c -mcpu=v9.5 -mlittle-endian -mxl-soft-mul" "EXTRA_COMPILER_FLAGS=-g"
Running Make libs in microblaze_0/libsrc/bram_v4_0/src
make -C microblaze_0/libsrc/bram_v4_0/src -s libs  "SHELL=/bin/sh" "COMPILER=mb-gcc" "ARCHIVER=mb-ar" "COMPILER_FLAGS= -O2 -c -mcpu=v9.5 -mlittle-endian -mxl-soft-mul" "EXTRA_COMPILER_FLAGS=-g"
Compiling bram
mb-ar: creating ../../../lib/libxil.a
Running Make libs in microblaze_0/libsrc/cpu_v2_3/src
make -C microblaze_0/libsrc/cpu_v2_3/src -s libs  "SHELL=/bin/sh" "COMPILER=mb-gcc" "ARCHIVER=mb-ar" "COMPILER_FLAGS= -O2 -c -mcpu=v9.5 -mlittle-endian -mxl-soft-mul" "EXTRA_COMPILER_FLAGS=-g"
Compiling cpu
Running Make libs in microblaze_0/libsrc/gpio_v4_0/src
make -C microblaze_0/libsrc/gpio_v4_0/src -s libs  "SHELL=/bin/sh" "COMPILER=mb-gcc" "ARCHIVER=mb-ar" "COMPILER_FLAGS= -O2 -c -mcpu=v9.5 -mlittle-endian -mxl-soft-mul" "EXTRA_COMPILER_FLAGS=-g"
Compiling gpio
Running Make libs in microblaze_0/libsrc/standalone_v5_3/src
make -C microblaze_0/libsrc/standalone_v5_3/src -s libs  "SHELL=/bin/sh" "COMPILER=mb-gcc" "ARCHIVER=mb-ar" "COMPILER_FLAGS= -O2 -c -mcpu=v9.5 -mlittle-endian -mxl-soft-mul" "EXTRA_COMPILER_FLAGS=-g"
Compiling standalone
Running Make libs in microblaze_0/libsrc/uartlite_v3_1/src
make -C microblaze_0/libsrc/uartlite_v3_1/src -s libs  "SHELL=/bin/sh" "COMPILER=mb-gcc" "ARCHIVER=mb-ar" "COMPILER_FLAGS= -O2 -c -mcpu=v9.5 -mlittle-endian -mxl-soft-mul" "EXTRA_COMPILER_FLAGS=-g"
Compiling uartlite
Finished building libraries
16:12:04 **** Build of configuration Debug for project hello_world ****
make all 
Building file: ../src/helloworld.c
Invoking: MicroBlaze gcc compiler
mb-gcc -Wall -O0 -g3 -c -fmessage-length=0 -MT"src/helloworld.o" -I../../hello_world_bsp/microblaze_0/include -mlittle-endian -mcpu=v9.5 -mxl-soft-mul -Wl,--no-relax -MMD -MP -MF"src/helloworld.d" -MT"src/helloworld.d" -o "src/helloworld.o" "../src/helloworld.c"
Finished building: ../src/helloworld.c
 
Building file: ../src/platform.c
Invoking: MicroBlaze gcc compiler
mb-gcc -Wall -O0 -g3 -c -fmessage-length=0 -MT"src/platform.o" -I../../hello_world_bsp/microblaze_0/include -mlittle-endian -mcpu=v9.5 -mxl-soft-mul -Wl,--no-relax -MMD -MP -MF"src/platform.d" -MT"src/platform.d" -o "src/platform.o" "../src/platform.c"
Finished building: ../src/platform.c
 
Building target: hello_world.elf
Invoking: MicroBlaze gcc linker
mb-gcc -Wl,-T -Wl,../src/lscript.ld -L../../hello_world_bsp/microblaze_0/lib -mlittle-endian -mcpu=v9.5 -mxl-soft-mul -Wl,--no-relax -o "hello_world.elf"  ./src/helloworld.o ./src/platform.o   -Wl,--start-group,-lxil,-lgcc,-lc,--end-group
Finished building target: hello_world.elf
 
Invoking: MicroBlaze Print Size
mb-size hello_world.elf  |tee "hello_world.elf.size"
   text	   data	    bss	    dec	    hex	filename
   3320	    288	   3120	   6728	   1a48	hello_world.elf
Finished building: hello_world.elf.size
 
16:17:04 **** Incremental Build of configuration Debug for project hello_world ****
make all 
make: Nothing to be done for `all'.
16:25:20 **** Clean-only build of project hello_world_bsp ****
make -k clean 
rm -f microblaze_0/lib/libxil.a
16:25:20 **** Clean-only build of configuration Debug for project hello_world ****
make clean 
rm -rf  ./src/helloworld.o ./src/platform.o  ./src/helloworld.d ./src/platform.d  hello_world.elf.size  hello_world.elf
 
16:25:20 **** Build of project hello_world_bsp ****
make -k all 
Running Make include in microblaze_0/libsrc/bram_v4_0/src
make -C microblaze_0/libsrc/bram_v4_0/src -s include  "SHELL=/bin/sh" "COMPILER=mb-gcc" "ARCHIVER=mb-ar" "COMPILER_FLAGS= -O2 -c -mcpu=v9.5 -mlittle-endian -mxl-soft-mul" "EXTRA_COMPILER_FLAGS=-g"
Running Make include in microblaze_0/libsrc/cpu_v2_3/src
make -C microblaze_0/libsrc/cpu_v2_3/src -s include  "SHELL=/bin/sh" "COMPILER=mb-gcc" "ARCHIVER=mb-ar" "COMPILER_FLAGS= -O2 -c -mcpu=v9.5 -mlittle-endian -mxl-soft-mul" "EXTRA_COMPILER_FLAGS=-g"
Running Make include in microblaze_0/libsrc/gpio_v4_0/src
make -C microblaze_0/libsrc/gpio_v4_0/src -s include  "SHELL=/bin/sh" "COMPILER=mb-gcc" "ARCHIVER=mb-ar" "COMPILER_FLAGS= -O2 -c -mcpu=v9.5 -mlittle-endian -mxl-soft-mul" "EXTRA_COMPILER_FLAGS=-g"
Running Make include in microblaze_0/libsrc/standalone_v5_3/src
make -C microblaze_0/libsrc/standalone_v5_3/src -s include  "SHELL=/bin/sh" "COMPILER=mb-gcc" "ARCHIVER=mb-ar" "COMPILER_FLAGS= -O2 -c -mcpu=v9.5 -mlittle-endian -mxl-soft-mul" "EXTRA_COMPILER_FLAGS=-g"
Running Make include in microblaze_0/libsrc/uartlite_v3_1/src
make -C microblaze_0/libsrc/uartlite_v3_1/src -s include  "SHELL=/bin/sh" "COMPILER=mb-gcc" "ARCHIVER=mb-ar" "COMPILER_FLAGS= -O2 -c -mcpu=v9.5 -mlittle-endian -mxl-soft-mul" "EXTRA_COMPILER_FLAGS=-g"
Running Make libs in microblaze_0/libsrc/bram_v4_0/src
make -C microblaze_0/libsrc/bram_v4_0/src -s libs  "SHELL=/bin/sh" "COMPILER=mb-gcc" "ARCHIVER=mb-ar" "COMPILER_FLAGS= -O2 -c -mcpu=v9.5 -mlittle-endian -mxl-soft-mul" "EXTRA_COMPILER_FLAGS=-g"
Compiling bram
mb-ar: creating ../../../lib/libxil.a
Running Make libs in microblaze_0/libsrc/cpu_v2_3/src
make -C microblaze_0/libsrc/cpu_v2_3/src -s libs  "SHELL=/bin/sh" "COMPILER=mb-gcc" "ARCHIVER=mb-ar" "COMPILER_FLAGS= -O2 -c -mcpu=v9.5 -mlittle-endian -mxl-soft-mul" "EXTRA_COMPILER_FLAGS=-g"
Compiling cpu
Running Make libs in microblaze_0/libsrc/gpio_v4_0/src
make -C microblaze_0/libsrc/gpio_v4_0/src -s libs  "SHELL=/bin/sh" "COMPILER=mb-gcc" "ARCHIVER=mb-ar" "COMPILER_FLAGS= -O2 -c -mcpu=v9.5 -mlittle-endian -mxl-soft-mul" "EXTRA_COMPILER_FLAGS=-g"
Compiling gpio
Running Make libs in microblaze_0/libsrc/standalone_v5_3/src
make -C microblaze_0/libsrc/standalone_v5_3/src -s libs  "SHELL=/bin/sh" "COMPILER=mb-gcc" "ARCHIVER=mb-ar" "COMPILER_FLAGS= -O2 -c -mcpu=v9.5 -mlittle-endian -mxl-soft-mul" "EXTRA_COMPILER_FLAGS=-g"
Compiling standalone
Running Make libs in microblaze_0/libsrc/uartlite_v3_1/src
make -C microblaze_0/libsrc/uartlite_v3_1/src -s libs  "SHELL=/bin/sh" "COMPILER=mb-gcc" "ARCHIVER=mb-ar" "COMPILER_FLAGS= -O2 -c -mcpu=v9.5 -mlittle-endian -mxl-soft-mul" "EXTRA_COMPILER_FLAGS=-g"
Compiling uartlite
Finished building libraries
16:25:21 **** Build of configuration Debug for project hello_world ****
make all 
Building file: ../src/helloworld.c
Invoking: MicroBlaze gcc compiler
mb-gcc -Wall -O0 -g3 -c -fmessage-length=0 -MT"src/helloworld.o" -I../../hello_world_bsp/microblaze_0/include -mlittle-endian -mcpu=v9.5 -mxl-soft-mul -Wl,--no-relax -MMD -MP -MF"src/helloworld.d" -MT"src/helloworld.d" -o "src/helloworld.o" "../src/helloworld.c"
Finished building: ../src/helloworld.c
 
Building file: ../src/platform.c
Invoking: MicroBlaze gcc compiler
mb-gcc -Wall -O0 -g3 -c -fmessage-length=0 -MT"src/platform.o" -I../../hello_world_bsp/microblaze_0/include -mlittle-endian -mcpu=v9.5 -mxl-soft-mul -Wl,--no-relax -MMD -MP -MF"src/platform.d" -MT"src/platform.d" -o "src/platform.o" "../src/platform.c"
Finished building: ../src/platform.c
 
Building target: hello_world.elf
Invoking: MicroBlaze gcc linker
mb-gcc -Wl,-T -Wl,../src/lscript.ld -L../../hello_world_bsp/microblaze_0/lib -mlittle-endian -mcpu=v9.5 -mxl-soft-mul -Wl,--no-relax -o "hello_world.elf"  ./src/helloworld.o ./src/platform.o   -Wl,--start-group,-lxil,-lgcc,-lc,--end-group
Finished building target: hello_world.elf
 
Invoking: MicroBlaze Print Size
mb-size hello_world.elf  |tee "hello_world.elf.size"
   text	   data	    bss	    dec	    hex	filename
   3320	    288	   3120	   6728	   1a48	hello_world.elf
Finished building: hello_world.elf.size
 
16:26:37 **** Incremental Build of configuration Debug for project hello_world ****
make all 
make: Nothing to be done for `all'.
16:50:02 **** Clean-only build of project hello_world_bsp ****
make -k clean 
rm -f microblaze_0/lib/libxil.a
16:50:02 **** Build of project hello_world_bsp ****
make -k all 
Running Make include in microblaze_0/libsrc/bram_v4_0/src
make -C microblaze_0/libsrc/bram_v4_0/src -s include  "SHELL=/bin/sh" "COMPILER=mb-gcc" "ARCHIVER=mb-ar" "COMPILER_FLAGS= -O2 -c -mcpu=v9.5 -mlittle-endian -mxl-soft-mul" "EXTRA_COMPILER_FLAGS=-g"
Running Make include in microblaze_0/libsrc/cpu_v2_3/src
make -C microblaze_0/libsrc/cpu_v2_3/src -s include  "SHELL=/bin/sh" "COMPILER=mb-gcc" "ARCHIVER=mb-ar" "COMPILER_FLAGS= -O2 -c -mcpu=v9.5 -mlittle-endian -mxl-soft-mul" "EXTRA_COMPILER_FLAGS=-g"
Running Make include in microblaze_0/libsrc/gpio_v4_0/src
make -C microblaze_0/libsrc/gpio_v4_0/src -s include  "SHELL=/bin/sh" "COMPILER=mb-gcc" "ARCHIVER=mb-ar" "COMPILER_FLAGS= -O2 -c -mcpu=v9.5 -mlittle-endian -mxl-soft-mul" "EXTRA_COMPILER_FLAGS=-g"
Running Make include in microblaze_0/libsrc/standalone_v5_3/src
make -C microblaze_0/libsrc/standalone_v5_3/src -s include  "SHELL=/bin/sh" "COMPILER=mb-gcc" "ARCHIVER=mb-ar" "COMPILER_FLAGS= -O2 -c -mcpu=v9.5 -mlittle-endian -mxl-soft-mul" "EXTRA_COMPILER_FLAGS=-g"
Running Make include in microblaze_0/libsrc/uartlite_v3_1/src
make -C microblaze_0/libsrc/uartlite_v3_1/src -s include  "SHELL=/bin/sh" "COMPILER=mb-gcc" "ARCHIVER=mb-ar" "COMPILER_FLAGS= -O2 -c -mcpu=v9.5 -mlittle-endian -mxl-soft-mul" "EXTRA_COMPILER_FLAGS=-g"
Running Make libs in microblaze_0/libsrc/bram_v4_0/src
make -C microblaze_0/libsrc/bram_v4_0/src -s libs  "SHELL=/bin/sh" "COMPILER=mb-gcc" "ARCHIVER=mb-ar" "COMPILER_FLAGS= -O2 -c -mcpu=v9.5 -mlittle-endian -mxl-soft-mul" "EXTRA_COMPILER_FLAGS=-g"
Compiling bram
mb-ar: creating ../../../lib/libxil.a
Running Make libs in microblaze_0/libsrc/cpu_v2_3/src
make -C microblaze_0/libsrc/cpu_v2_3/src -s libs  "SHELL=/bin/sh" "COMPILER=mb-gcc" "ARCHIVER=mb-ar" "COMPILER_FLAGS= -O2 -c -mcpu=v9.5 -mlittle-endian -mxl-soft-mul" "EXTRA_COMPILER_FLAGS=-g"
Compiling cpu
Running Make libs in microblaze_0/libsrc/gpio_v4_0/src
make -C microblaze_0/libsrc/gpio_v4_0/src -s libs  "SHELL=/bin/sh" "COMPILER=mb-gcc" "ARCHIVER=mb-ar" "COMPILER_FLAGS= -O2 -c -mcpu=v9.5 -mlittle-endian -mxl-soft-mul" "EXTRA_COMPILER_FLAGS=-g"
Compiling gpio
Running Make libs in microblaze_0/libsrc/standalone_v5_3/src
make -C microblaze_0/libsrc/standalone_v5_3/src -s libs  "SHELL=/bin/sh" "COMPILER=mb-gcc" "ARCHIVER=mb-ar" "COMPILER_FLAGS= -O2 -c -mcpu=v9.5 -mlittle-endian -mxl-soft-mul" "EXTRA_COMPILER_FLAGS=-g"
Compiling standalone
Running Make libs in microblaze_0/libsrc/uartlite_v3_1/src
make -C microblaze_0/libsrc/uartlite_v3_1/src -s libs  "SHELL=/bin/sh" "COMPILER=mb-gcc" "ARCHIVER=mb-ar" "COMPILER_FLAGS= -O2 -c -mcpu=v9.5 -mlittle-endian -mxl-soft-mul" "EXTRA_COMPILER_FLAGS=-g"
Compiling uartlite
Finished building libraries
16:50:03 **** Clean-only build of configuration Debug for project hello_world ****
make clean 
rm -rf  ./src/helloworld.o ./src/platform.o  ./src/helloworld.d ./src/platform.d  hello_world.elf.size  hello_world.elf
 
16:50:03 **** Build of configuration Debug for project hello_world ****
make all 
Building file: ../src/helloworld.c
Invoking: MicroBlaze gcc compiler
mb-gcc -Wall -O0 -g3 -c -fmessage-length=0 -MT"src/helloworld.o" -I../../hello_world_bsp/microblaze_0/include -mlittle-endian -mcpu=v9.5 -mxl-soft-mul -Wl,--no-relax -MMD -MP -MF"src/helloworld.d" -MT"src/helloworld.d" -o "src/helloworld.o" "../src/helloworld.c"
Finished building: ../src/helloworld.c
 
Building file: ../src/platform.c
Invoking: MicroBlaze gcc compiler
mb-gcc -Wall -O0 -g3 -c -fmessage-length=0 -MT"src/platform.o" -I../../hello_world_bsp/microblaze_0/include -mlittle-endian -mcpu=v9.5 -mxl-soft-mul -Wl,--no-relax -MMD -MP -MF"src/platform.d" -MT"src/platform.d" -o "src/platform.o" "../src/platform.c"
Finished building: ../src/platform.c
 
Building target: hello_world.elf
Invoking: MicroBlaze gcc linker
mb-gcc -Wl,-T -Wl,../src/lscript.ld -L../../hello_world_bsp/microblaze_0/lib -mlittle-endian -mcpu=v9.5 -mxl-soft-mul -Wl,--no-relax -o "hello_world.elf"  ./src/helloworld.o ./src/platform.o   -Wl,--start-group,-lxil,-lgcc,-lc,--end-group
Finished building target: hello_world.elf
 
Invoking: MicroBlaze Print Size
mb-size hello_world.elf  |tee "hello_world.elf.size"
   text	   data	    bss	    dec	    hex	filename
   3320	    288	   3120	   6728	   1a48	hello_world.elf
Finished building: hello_world.elf.size
 
16:51:28 **** Incremental Build of configuration Debug for project hello_world ****
make all 
make: Nothing to be done for `all'.
16:59:17 **** Incremental Build of configuration Debug for project hello_world ****
make all 
make: Nothing to be done for `all'.
16:59:22 **** Incremental Build of configuration Debug for project hello_world ****
make all 
make: Nothing to be done for `all'.
17:00:51 **** Incremental Build of configuration Debug for project hello_world ****
make all 
make: Nothing to be done for `all'.
17:04:37 **** Incremental Build of configuration Debug for project hello_world ****
make all 
make: Nothing to be done for `all'.
17:05:21 **** Incremental Build of configuration Debug for project hello_world ****
make all 
make: Nothing to be done for `all'.
17:05:39 **** Incremental Build of configuration Debug for project hello_world ****
make all 
make: Nothing to be done for `all'.
17:19:56 **** Incremental Build of configuration Debug for project hello_world ****
make all 
make: Nothing to be done for `all'.
17:20:36 **** Incremental Build of configuration Debug for project hello_world ****
make all 
make: Nothing to be done for `all'.
17:20:43 **** Incremental Build of configuration Debug for project hello_world ****
make all 
make: Nothing to be done for `all'.
17:21:22 **** Incremental Build of configuration Debug for project hello_world ****
make all 
make: Nothing to be done for `all'.
17:21:39 **** Incremental Build of configuration Debug for project hello_world ****
make all 
make: Nothing to be done for `all'.
17:23:02 **** Incremental Build of configuration Debug for project hello_world ****
make all 
make: Nothing to be done for `all'.
17:23:28 **** Incremental Build of configuration Debug for project hello_world ****
make all 
make: Nothing to be done for `all'.
17:23:51 **** Incremental Build of configuration Debug for project hello_world ****
make all 
make: Nothing to be done for `all'.
17:24:26 **** Incremental Build of configuration Debug for project hello_world ****
make all 
make: Nothing to be done for `all'.
17:24:48 **** Incremental Build of configuration Debug for project hello_world ****
make all 
make: Nothing to be done for `all'.
17:25:22 **** Incremental Build of configuration Debug for project hello_world ****
make all 
make: Nothing to be done for `all'.
17:25:44 **** Incremental Build of configuration Debug for project hello_world ****
make all 
make: Nothing to be done for `all'.
17:28:04 **** Incremental Build of configuration Debug for project hello_world ****
make all 
make: Nothing to be done for `all'.
17:30:03 **** Incremental Build of configuration Debug for project hello_world ****
make all 
make: Nothing to be done for `all'.
17:31:12 **** Auto Build of configuration Debug for project hello_world ****
make all 
Building file: ../src/helloworld.c
Invoking: MicroBlaze gcc compiler
mb-gcc -Wall -O0 -g3 -c -fmessage-length=0 -MT"src/helloworld.o" -I../../hello_world_bsp/microblaze_0/include -mlittle-endian -mcpu=v9.5 -mxl-soft-mul -Wl,--no-relax -MMD -MP -MF"src/helloworld.d" -MT"src/helloworld.d" -o "src/helloworld.o" "../src/helloworld.c"
../src/helloworld.c: In function 'main':
../src/helloworld.c:57:11: warning: unknown escape sequence: '\040'
     print("Gyulollek... :\ \n\r");
           ^
Finished building: ../src/helloworld.c
 
Building target: hello_world.elf
Invoking: MicroBlaze gcc linker
mb-gcc -Wl,-T -Wl,../src/lscript.ld -L../../hello_world_bsp/microblaze_0/lib -mlittle-endian -mcpu=v9.5 -mxl-soft-mul -Wl,--no-relax -o "hello_world.elf"  ./src/helloworld.o ./src/platform.o   -Wl,--start-group,-lxil,-lgcc,-lc,--end-group
Finished building target: hello_world.elf
 
Invoking: MicroBlaze Print Size
mb-size hello_world.elf  |tee "hello_world.elf.size"
   text	   data	    bss	    dec	    hex	filename
   3324	    288	   3124	   6736	   1a50	hello_world.elf
Finished building: hello_world.elf.size
 
17:31:13 **** Incremental Build of configuration Debug for project hello_world ****
make all 
make: Nothing to be done for `all'.
17:39:58 **** Incremental Build of configuration Debug for project hello_world ****
make all 
make: Nothing to be done for `all'.
17:40:26 **** Auto Build of configuration Debug for project hello_world ****
make all 
Building file: ../src/helloworld.c
Invoking: MicroBlaze gcc compiler
mb-gcc -Wall -O0 -g3 -c -fmessage-length=0 -MT"src/helloworld.o" -I../../hello_world_bsp/microblaze_0/include -mlittle-endian -mcpu=v9.5 -mxl-soft-mul -Wl,--no-relax -MMD -MP -MF"src/helloworld.d" -MT"src/helloworld.d" -o "src/helloworld.o" "../src/helloworld.c"
../src/helloworld.c: In function 'main':
../src/helloworld.c:59:11: warning: unknown escape sequence: '\040'
     print("Gyulollek... :\ \n\r");
           ^
Finished building: ../src/helloworld.c
 
Building target: hello_world.elf
Invoking: MicroBlaze gcc linker
mb-gcc -Wl,-T -Wl,../src/lscript.ld -L../../hello_world_bsp/microblaze_0/lib -mlittle-endian -mcpu=v9.5 -mxl-soft-mul -Wl,--no-relax -o "hello_world.elf"  ./src/helloworld.o ./src/platform.o   -Wl,--start-group,-lxil,-lgcc,-lc,--end-group
Finished building target: hello_world.elf
 
Invoking: MicroBlaze Print Size
mb-size hello_world.elf  |tee "hello_world.elf.size"
   text	   data	    bss	    dec	    hex	filename
   3324	    288	   3124	   6736	   1a50	hello_world.elf
Finished building: hello_world.elf.size
 
17:40:29 **** Incremental Build of configuration Debug for project hello_world ****
make all 
make: Nothing to be done for `all'.
17:40:37 **** Auto Build of configuration Debug for project hello_world ****
make all 
Building file: ../src/helloworld.c
Invoking: MicroBlaze gcc compiler
mb-gcc -Wall -O0 -g3 -c -fmessage-length=0 -MT"src/helloworld.o" -I../../hello_world_bsp/microblaze_0/include -mlittle-endian -mcpu=v9.5 -mxl-soft-mul -Wl,--no-relax -MMD -MP -MF"src/helloworld.d" -MT"src/helloworld.d" -o "src/helloworld.o" "../src/helloworld.c"
Finished building: ../src/helloworld.c
 
Building target: hello_world.elf
Invoking: MicroBlaze gcc linker
mb-gcc -Wl,-T -Wl,../src/lscript.ld -L../../hello_world_bsp/microblaze_0/lib -mlittle-endian -mcpu=v9.5 -mxl-soft-mul -Wl,--no-relax -o "hello_world.elf"  ./src/helloworld.o ./src/platform.o   -Wl,--start-group,-lxil,-lgcc,-lc,--end-group
Finished building target: hello_world.elf
 
Invoking: MicroBlaze Print Size
mb-size hello_world.elf  |tee "hello_world.elf.size"
   text	   data	    bss	    dec	    hex	filename
   3324	    288	   3124	   6736	   1a50	hello_world.elf
Finished building: hello_world.elf.size
 
17:40:38 **** Incremental Build of configuration Debug for project hello_world ****
make all 
make: Nothing to be done for `all'.
17:47:36 **** Auto Build of configuration Debug for project hello_world ****
make all 
Building file: ../src/helloworld.c
Invoking: MicroBlaze gcc compiler
mb-gcc -Wall -O0 -g3 -c -fmessage-length=0 -MT"src/helloworld.o" -I../../hello_world_bsp/microblaze_0/include -mlittle-endian -mcpu=v9.5 -mxl-soft-mul -Wl,--no-relax -MMD -MP -MF"src/helloworld.d" -MT"src/helloworld.d" -o "src/helloworld.o" "../src/helloworld.c"
../src/helloworld.c:51:19: warning: extra tokens at end of #include directive
 #include "xgpio.h";
                   ^
../src/helloworld.c: In function 'main':
../src/helloworld.c:64:23: error: 'Gpio' undeclared (first use in this function)
     XGpio_Initialize(&Gpio, XPAR_AXI__GPIO_0_DEVICE_ID);
                       ^
../src/helloworld.c:64:23: note: each undeclared identifier is reported only once for each function it appears in
../src/helloworld.c:64:29: error: 'XPAR_AXI__GPIO_0_DEVICE_ID' undeclared (first use in this function)
     XGpio_Initialize(&Gpio, XPAR_AXI__GPIO_0_DEVICE_ID);
                             ^
../src/helloworld.c:65:35: error: 'LED_CHANNEL' undeclared (first use in this function)
     XGpio_SetDataDirection(&Gpio, LED_CHANNEL, 0x0000);
                                   ^
make: *** [src/helloworld.o] Error 1
17:47:53 **** Auto Build of configuration Debug for project hello_world ****
make all 
Building file: ../src/helloworld.c
Invoking: MicroBlaze gcc compiler
mb-gcc -Wall -O0 -g3 -c -fmessage-length=0 -MT"src/helloworld.o" -I../../hello_world_bsp/microblaze_0/include -mlittle-endian -mcpu=v9.5 -mxl-soft-mul -Wl,--no-relax -MMD -MP -MF"src/helloworld.d" -MT"src/helloworld.d" -o "src/helloworld.o" "../src/helloworld.c"
../src/helloworld.c: In function 'main':
../src/helloworld.c:64:23: error: 'Gpio' undeclared (first use in this function)
     XGpio_Initialize(&Gpio, XPAR_AXI__GPIO_0_DEVICE_ID);
                       ^
../src/helloworld.c:64:23: note: each undeclared identifier is reported only once for each function it appears in
../src/helloworld.c:64:29: error: 'XPAR_AXI__GPIO_0_DEVICE_ID' undeclared (first use in this function)
     XGpio_Initialize(&Gpio, XPAR_AXI__GPIO_0_DEVICE_ID);
                             ^
../src/helloworld.c:65:35: error: 'LED_CHANNEL' undeclared (first use in this function)
     XGpio_SetDataDirection(&Gpio, LED_CHANNEL, 0x0000);
                                   ^
make: *** [src/helloworld.o] Error 1
17:49:00 **** Auto Build of configuration Debug for project hello_world ****
make all 
Building file: ../src/helloworld.c
Invoking: MicroBlaze gcc compiler
mb-gcc -Wall -O0 -g3 -c -fmessage-length=0 -MT"src/helloworld.o" -I../../hello_world_bsp/microblaze_0/include -mlittle-endian -mcpu=v9.5 -mxl-soft-mul -Wl,--no-relax -MMD -MP -MF"src/helloworld.d" -MT"src/helloworld.d" -o "src/helloworld.o" "../src/helloworld.c"
../src/helloworld.c: In function 'main':
../src/helloworld.c:64:23: error: 'Gpio' undeclared (first use in this function)
     XGpio_Initialize(&Gpio, XPAR_AXI_GPIO_0_DEVICE_ID);
                       ^
../src/helloworld.c:64:23: note: each undeclared identifier is reported only once for each function it appears in
../src/helloworld.c:65:35: error: 'LED_CHANNEL' undeclared (first use in this function)
     XGpio_SetDataDirection(&Gpio, LED_CHANNEL, 0x0000);
                                   ^
make: *** [src/helloworld.o] Error 1
17:49:13 **** Incremental Build of configuration Debug for project hello_world ****
make all 
Building file: ../src/helloworld.c
Invoking: MicroBlaze gcc compiler
mb-gcc -Wall -O0 -g3 -c -fmessage-length=0 -MT"src/helloworld.o" -I../../hello_world_bsp/microblaze_0/include -mlittle-endian -mcpu=v9.5 -mxl-soft-mul -Wl,--no-relax -MMD -MP -MF"src/helloworld.d" -MT"src/helloworld.d" -o "src/helloworld.o" "../src/helloworld.c"
../src/helloworld.c: In function 'main':
../src/helloworld.c:64:23: error: 'Gpio' undeclared (first use in this function)
     XGpio_Initialize(&Gpio, XPAR_AXI_GPIO_0_DEVICE_ID);
                       ^
../src/helloworld.c:64:23: note: each undeclared identifier is reported only once for each function it appears in
../src/helloworld.c:65:35: error: 'LED_CHANNEL' undeclared (first use in this function)
     XGpio_SetDataDirection(&Gpio, LED_CHANNEL, 0x0000);
                                   ^
make: *** [src/helloworld.o] Error 1
17:49:36 **** Incremental Build of configuration Debug for project hello_world ****
make all 
Building file: ../src/helloworld.c
Invoking: MicroBlaze gcc compiler
mb-gcc -Wall -O0 -g3 -c -fmessage-length=0 -MT"src/helloworld.o" -I../../hello_world_bsp/microblaze_0/include -mlittle-endian -mcpu=v9.5 -mxl-soft-mul -Wl,--no-relax -MMD -MP -MF"src/helloworld.d" -MT"src/helloworld.d" -o "src/helloworld.o" "../src/helloworld.c"
../src/helloworld.c: In function 'main':
../src/helloworld.c:64:23: error: 'Gpio' undeclared (first use in this function)
     XGpio_Initialize(&Gpio, XPAR_AXI_GPIO_0_DEVICE_ID);
                       ^
../src/helloworld.c:64:23: note: each undeclared identifier is reported only once for each function it appears in
../src/helloworld.c:65:35: error: 'LED_CHANNEL' undeclared (first use in this function)
     XGpio_SetDataDirection(&Gpio, LED_CHANNEL, 0x0000);
                                   ^
make: *** [src/helloworld.o] Error 1
17:50:23 **** Auto Build of configuration Debug for project hello_world ****
make all 
Building file: ../src/helloworld.c
Invoking: MicroBlaze gcc compiler
mb-gcc -Wall -O0 -g3 -c -fmessage-length=0 -MT"src/helloworld.o" -I../../hello_world_bsp/microblaze_0/include -mlittle-endian -mcpu=v9.5 -mxl-soft-mul -Wl,--no-relax -MMD -MP -MF"src/helloworld.d" -MT"src/helloworld.d" -o "src/helloworld.o" "../src/helloworld.c"
../src/helloworld.c: In function 'main':
../src/helloworld.c:66:23: error: 'Gpio' undeclared (first use in this function)
     XGpio_Initialize(&Gpio, XPAR_AXI_GPIO_0_DEVICE_ID);
                       ^
../src/helloworld.c:66:23: note: each undeclared identifier is reported only once for each function it appears in
../src/helloworld.c:67:35: error: 'LED_CHANNEL' undeclared (first use in this function)
     XGpio_SetDataDirection(&Gpio, LED_CHANNEL, 0x0000);
                                   ^
../src/helloworld.c:61:18: warning: unused variable 'GPIO_0_conf' [-Wunused-variable]
     XGpio_Config GPIO_0_conf;
                  ^
../src/helloworld.c:60:11: warning: unused variable 'GPIO_0' [-Wunused-variable]
     XGpio GPIO_0;
           ^
make: *** [src/helloworld.o] Error 1
17:50:33 **** Auto Build of configuration Debug for project hello_world ****
make all 
Building file: ../src/helloworld.c
Invoking: MicroBlaze gcc compiler
mb-gcc -Wall -O0 -g3 -c -fmessage-length=0 -MT"src/helloworld.o" -I../../hello_world_bsp/microblaze_0/include -mlittle-endian -mcpu=v9.5 -mxl-soft-mul -Wl,--no-relax -MMD -MP -MF"src/helloworld.d" -MT"src/helloworld.d" -o "src/helloworld.o" "../src/helloworld.c"
../src/helloworld.c: In function 'main':
../src/helloworld.c:66:23: error: expected expression before 'XGpio'
     XGpio_Initialize(&XGpio, XPAR_AXI_GPIO_0_DEVICE_ID);
                       ^
../src/helloworld.c:66:5: error: too few arguments to function 'XGpio_Initialize'
     XGpio_Initialize(&XGpio, XPAR_AXI_GPIO_0_DEVICE_ID);
     ^
In file included from ../src/helloworld.c:51:0:
../../hello_world_bsp/microblaze_0/include/xgpio.h:157:5: note: declared here
 int XGpio_Initialize(XGpio *InstancePtr, u16 DeviceId);
     ^
../src/helloworld.c:67:29: error: expected expression before 'XGpio'
     XGpio_SetDataDirection(&XGpio, LED_CHANNEL, 0x0000);
                             ^
../src/helloworld.c:67:5: error: too few arguments to function 'XGpio_SetDataDirection'
     XGpio_SetDataDirection(&XGpio, LED_CHANNEL, 0x0000);
     ^
In file included from ../src/helloworld.c:51:0:
../../hello_world_bsp/microblaze_0/include/xgpio.h:165:6: note: declared here
 void XGpio_SetDataDirection(XGpio *InstancePtr, unsigned Channel,
      ^
../src/helloworld.c:61:18: warning: unused variable 'GPIO_0_conf' [-Wunused-variable]
     XGpio_Config GPIO_0_conf;
                  ^
../src/helloworld.c:60:11: warning: unused variable 'GPIO_0' [-Wunused-variable]
     XGpio GPIO_0;
           ^
make: *** [src/helloworld.o] Error 1
17:53:05 **** Auto Build of configuration Debug for project hello_world ****
make all 
Building file: ../src/helloworld.c
Invoking: MicroBlaze gcc compiler
mb-gcc -Wall -O0 -g3 -c -fmessage-length=0 -MT"src/helloworld.o" -I../../hello_world_bsp/microblaze_0/include -mlittle-endian -mcpu=v9.5 -mxl-soft-mul -Wl,--no-relax -MMD -MP -MF"src/helloworld.d" -MT"src/helloworld.d" -o "src/helloworld.o" "../src/helloworld.c"
../src/helloworld.c: In function 'main':
../src/helloworld.c:66:23: error: expected expression before 'XGpio'
     XGpio_Initialize(&XGpio, XPAR_AXI_GPIO_0_DEVICE_ID);
                       ^
../src/helloworld.c:66:5: error: too few arguments to function 'XGpio_Initialize'
     XGpio_Initialize(&XGpio, XPAR_AXI_GPIO_0_DEVICE_ID);
     ^
In file included from ../src/helloworld.c:51:0:
../../hello_world_bsp/microblaze_0/include/xgpio.h:157:5: note: declared here
 int XGpio_Initialize(XGpio *InstancePtr, u16 DeviceId);
     ^
../src/helloworld.c:67:29: error: expected expression before 'XGpio'
     XGpio_SetDataDirection(&XGpio, 1, 0x0000);
                             ^
../src/helloworld.c:67:5: error: too few arguments to function 'XGpio_SetDataDirection'
     XGpio_SetDataDirection(&XGpio, 1, 0x0000);
     ^
In file included from ../src/helloworld.c:51:0:
../../hello_world_bsp/microblaze_0/include/xgpio.h:165:6: note: declared here
 void XGpio_SetDataDirection(XGpio *InstancePtr, unsigned Channel,
      ^
../src/helloworld.c:61:18: warning: unused variable 'GPIO_0_conf' [-Wunused-variable]
     XGpio_Config GPIO_0_conf;
                  ^
../src/helloworld.c:60:11: warning: unused variable 'GPIO_0' [-Wunused-variable]
     XGpio GPIO_0;
           ^
make: *** [src/helloworld.o] Error 1
17:53:22 **** Auto Build of configuration Debug for project hello_world ****
make all 
Building file: ../src/helloworld.c
Invoking: MicroBlaze gcc compiler
mb-gcc -Wall -O0 -g3 -c -fmessage-length=0 -MT"src/helloworld.o" -I../../hello_world_bsp/microblaze_0/include -mlittle-endian -mcpu=v9.5 -mxl-soft-mul -Wl,--no-relax -MMD -MP -MF"src/helloworld.d" -MT"src/helloworld.d" -o "src/helloworld.o" "../src/helloworld.c"
../src/helloworld.c: In function 'main':
../src/helloworld.c:61:18: warning: unused variable 'GPIO_0_conf' [-Wunused-variable]
     XGpio_Config GPIO_0_conf;
                  ^
Finished building: ../src/helloworld.c
 
Building target: hello_world.elf
Invoking: MicroBlaze gcc linker
mb-gcc -Wl,-T -Wl,../src/lscript.ld -L../../hello_world_bsp/microblaze_0/lib -mlittle-endian -mcpu=v9.5 -mxl-soft-mul -Wl,--no-relax -o "hello_world.elf"  ./src/helloworld.o ./src/platform.o   -Wl,--start-group,-lxil,-lgcc,-lc,--end-group
Finished building target: hello_world.elf
 
Invoking: MicroBlaze Print Size
mb-size hello_world.elf  |tee "hello_world.elf.size"
   text	   data	    bss	    dec	    hex	filename
   4696	    304	   3120	   8120	   1fb8	hello_world.elf
Finished building: hello_world.elf.size
 
17:53:30 **** Auto Build of configuration Debug for project hello_world ****
make all 
Building file: ../src/helloworld.c
Invoking: MicroBlaze gcc compiler
mb-gcc -Wall -O0 -g3 -c -fmessage-length=0 -MT"src/helloworld.o" -I../../hello_world_bsp/microblaze_0/include -mlittle-endian -mcpu=v9.5 -mxl-soft-mul -Wl,--no-relax -MMD -MP -MF"src/helloworld.d" -MT"src/helloworld.d" -o "src/helloworld.o" "../src/helloworld.c"
../src/helloworld.c: In function 'main':
../src/helloworld.c:61:18: warning: unused variable 'GPIO_0_conf' [-Wunused-variable]
     XGpio_Config GPIO_0_conf;
                  ^
Finished building: ../src/helloworld.c
 
Building target: hello_world.elf
Invoking: MicroBlaze gcc linker
mb-gcc -Wl,-T -Wl,../src/lscript.ld -L../../hello_world_bsp/microblaze_0/lib -mlittle-endian -mcpu=v9.5 -mxl-soft-mul -Wl,--no-relax -o "hello_world.elf"  ./src/helloworld.o ./src/platform.o   -Wl,--start-group,-lxil,-lgcc,-lc,--end-group
Finished building target: hello_world.elf
 
Invoking: MicroBlaze Print Size
mb-size hello_world.elf  |tee "hello_world.elf.size"
   text	   data	    bss	    dec	    hex	filename
   4696	    304	   3120	   8120	   1fb8	hello_world.elf
Finished building: hello_world.elf.size
 
17:54:12 **** Incremental Build of configuration Debug for project hello_world ****
make all 
make: Nothing to be done for `all'.
17:58:24 **** Auto Build of configuration Debug for project hello_world ****
make all 
Building file: ../src/helloworld.c
Invoking: MicroBlaze gcc compiler
mb-gcc -Wall -O0 -g3 -c -fmessage-length=0 -MT"src/helloworld.o" -I../../hello_world_bsp/microblaze_0/include -mlittle-endian -mcpu=v9.5 -mxl-soft-mul -Wl,--no-relax -MMD -MP -MF"src/helloworld.d" -MT"src/helloworld.d" -o "src/helloworld.o" "../src/helloworld.c"
Finished building: ../src/helloworld.c
 
Building target: hello_world.elf
Invoking: MicroBlaze gcc linker
mb-gcc -Wl,-T -Wl,../src/lscript.ld -L../../hello_world_bsp/microblaze_0/lib -mlittle-endian -mcpu=v9.5 -mxl-soft-mul -Wl,--no-relax -o "hello_world.elf"  ./src/helloworld.o ./src/platform.o   -Wl,--start-group,-lxil,-lgcc,-lc,--end-group
Finished building target: hello_world.elf
 
Invoking: MicroBlaze Print Size
mb-size hello_world.elf  |tee "hello_world.elf.size"
   text	   data	    bss	    dec	    hex	filename
   4724	    304	   3124	   8152	   1fd8	hello_world.elf
Finished building: hello_world.elf.size
 
17:58:26 **** Incremental Build of configuration Debug for project hello_world ****
make all 
make: Nothing to be done for `all'.
17:59:36 **** Auto Build of configuration Debug for project hello_world ****
make all 
Building file: ../src/helloworld.c
Invoking: MicroBlaze gcc compiler
mb-gcc -Wall -O0 -g3 -c -fmessage-length=0 -MT"src/helloworld.o" -I../../hello_world_bsp/microblaze_0/include -mlittle-endian -mcpu=v9.5 -mxl-soft-mul -Wl,--no-relax -MMD -MP -MF"src/helloworld.d" -MT"src/helloworld.d" -o "src/helloworld.o" "../src/helloworld.c"
../src/helloworld.c: In function 'main':
../src/helloworld.c:61:18: warning: unused variable 'GPIO_0_conf' [-Wunused-variable]
     XGpio_Config GPIO_0_conf;
                  ^
Finished building: ../src/helloworld.c
 
Building target: hello_world.elf
Invoking: MicroBlaze gcc linker
mb-gcc -Wl,-T -Wl,../src/lscript.ld -L../../hello_world_bsp/microblaze_0/lib -mlittle-endian -mcpu=v9.5 -mxl-soft-mul -Wl,--no-relax -o "hello_world.elf"  ./src/helloworld.o ./src/platform.o   -Wl,--start-group,-lxil,-lgcc,-lc,--end-group
Finished building target: hello_world.elf
 
Invoking: MicroBlaze Print Size
mb-size hello_world.elf  |tee "hello_world.elf.size"
   text	   data	    bss	    dec	    hex	filename
   4724	    304	   3124	   8152	   1fd8	hello_world.elf
Finished building: hello_world.elf.size
 
17:59:38 **** Incremental Build of configuration Debug for project hello_world ****
make all 
make: Nothing to be done for `all'.
17:59:59 **** Incremental Build of configuration Debug for project hello_world ****
make all 
make: Nothing to be done for `all'.
18:00:02 **** Incremental Build of configuration Debug for project hello_world ****
make all 
make: Nothing to be done for `all'.
08:34:57 **** Auto Build of configuration Debug for project hello_world ****
make all 
Building file: ../src/helloworld.c
Invoking: MicroBlaze gcc compiler
mb-gcc -Wall -O0 -g3 -c -fmessage-length=0 -MT"src/helloworld.o" -I../../hello_world_bsp/microblaze_0/include -mlittle-endian -mcpu=v9.5 -mxl-soft-mul -Wl,--no-relax -MMD -MP -MF"src/helloworld.d" -MT"src/helloworld.d" -o "src/helloworld.o" "../src/helloworld.c"
../src/helloworld.c: In function 'main':
../src/helloworld.c:61:18: warning: unused variable 'GPIO_0_conf' [-Wunused-variable]
     XGpio_Config GPIO_0_conf;
                  ^
../src/helloworld.c: In function 'init_led':
../src/helloworld.c:84:20: error: 'GPIO_0' undeclared (first use in this function)
  XGpio_Initialize(&GPIO_0, XPAR_AXI_GPIO_0_DEVICE_ID);
                    ^
../src/helloworld.c:84:20: note: each undeclared identifier is reported only once for each function it appears in
make: *** [src/helloworld.o] Error 1
08:35:04 **** Auto Build of configuration Debug for project hello_world ****
make all 
Building file: ../src/helloworld.c
Invoking: MicroBlaze gcc compiler
mb-gcc -Wall -O0 -g3 -c -fmessage-length=0 -MT"src/helloworld.o" -I../../hello_world_bsp/microblaze_0/include -mlittle-endian -mcpu=v9.5 -mxl-soft-mul -Wl,--no-relax -MMD -MP -MF"src/helloworld.d" -MT"src/helloworld.d" -o "src/helloworld.o" "../src/helloworld.c"
../src/helloworld.c: In function 'main':
../src/helloworld.c:61:18: warning: unused variable 'GPIO_0_conf' [-Wunused-variable]
     XGpio_Config GPIO_0_conf;
                  ^
../src/helloworld.c: In function 'put_led':
../src/helloworld.c:77:23: error: 'GPIO_0' undeclared (first use in this function)
  XGpio_DiscreteWrite(&GPIO_0, 1, 1);
                       ^
../src/helloworld.c:77:23: note: each undeclared identifier is reported only once for each function it appears in
../src/helloworld.c: In function 'init_led':
../src/helloworld.c:84:20: error: 'GPIO_0' undeclared (first use in this function)
  XGpio_Initialize(&GPIO_0, XPAR_AXI_GPIO_0_DEVICE_ID);
                    ^
make: *** [src/helloworld.o] Error 1
08:35:32 **** Auto Build of configuration Debug for project hello_world ****
make all 
Building file: ../src/helloworld.c
Invoking: MicroBlaze gcc compiler
mb-gcc -Wall -O0 -g3 -c -fmessage-length=0 -MT"src/helloworld.o" -I../../hello_world_bsp/microblaze_0/include -mlittle-endian -mcpu=v9.5 -mxl-soft-mul -Wl,--no-relax -MMD -MP -MF"src/helloworld.d" -MT"src/helloworld.d" -o "src/helloworld.o" "../src/helloworld.c"
../src/helloworld.c: In function 'put_led':
../src/helloworld.c:72:23: error: 'GPIO_0' undeclared (first use in this function)
  XGpio_DiscreteWrite(&GPIO_0, 1, 1);
                       ^
../src/helloworld.c:72:23: note: each undeclared identifier is reported only once for each function it appears in
../src/helloworld.c: In function 'init_led':
../src/helloworld.c:81:15: warning: unused variable 'GPIO_0_conf' [-Wunused-variable]
  XGpio_Config GPIO_0_conf;
               ^
make: *** [src/helloworld.o] Error 1
08:35:51 **** Auto Build of configuration Debug for project hello_world ****
make all 
Building file: ../src/helloworld.c
Invoking: MicroBlaze gcc compiler
mb-gcc -Wall -O0 -g3 -c -fmessage-length=0 -MT"src/helloworld.o" -I../../hello_world_bsp/microblaze_0/include -mlittle-endian -mcpu=v9.5 -mxl-soft-mul -Wl,--no-relax -MMD -MP -MF"src/helloworld.d" -MT"src/helloworld.d" -o "src/helloworld.o" "../src/helloworld.c"
Finished building: ../src/helloworld.c
 
Building target: hello_world.elf
Invoking: MicroBlaze gcc linker
mb-gcc -Wl,-T -Wl,../src/lscript.ld -L../../hello_world_bsp/microblaze_0/lib -mlittle-endian -mcpu=v9.5 -mxl-soft-mul -Wl,--no-relax -o "hello_world.elf"  ./src/helloworld.o ./src/platform.o   -Wl,--start-group,-lxil,-lgcc,-lc,--end-group
Finished building target: hello_world.elf
 
Invoking: MicroBlaze Print Size
mb-size hello_world.elf  |tee "hello_world.elf.size"
   text	   data	    bss	    dec	    hex	filename
   4808	    304	   3152	   8264	   2048	hello_world.elf
Finished building: hello_world.elf.size
 
08:36:03 **** Auto Build of configuration Debug for project hello_world ****
make all 
Building file: ../src/helloworld.c
Invoking: MicroBlaze gcc compiler
mb-gcc -Wall -O0 -g3 -c -fmessage-length=0 -MT"src/helloworld.o" -I../../hello_world_bsp/microblaze_0/include -mlittle-endian -mcpu=v9.5 -mxl-soft-mul -Wl,--no-relax -MMD -MP -MF"src/helloworld.d" -MT"src/helloworld.d" -o "src/helloworld.o" "../src/helloworld.c"
Finished building: ../src/helloworld.c
 
Building target: hello_world.elf
Invoking: MicroBlaze gcc linker
mb-gcc -Wl,-T -Wl,../src/lscript.ld -L../../hello_world_bsp/microblaze_0/lib -mlittle-endian -mcpu=v9.5 -mxl-soft-mul -Wl,--no-relax -o "hello_world.elf"  ./src/helloworld.o ./src/platform.o   -Wl,--start-group,-lxil,-lgcc,-lc,--end-group
Finished building target: hello_world.elf
 
Invoking: MicroBlaze Print Size
mb-size hello_world.elf  |tee "hello_world.elf.size"
   text	   data	    bss	    dec	    hex	filename
   4808	    304	   3152	   8264	   2048	hello_world.elf
Finished building: hello_world.elf.size
 
08:36:11 **** Incremental Build of configuration Debug for project hello_world ****
make all 
make: Nothing to be done for `all'.
08:55:57 **** Incremental Build of configuration Debug for project hello_world ****
make all 
make: Nothing to be done for `all'.
08:56:01 **** Incremental Build of configuration Debug for project hello_world ****
make all 
make: Nothing to be done for `all'.
08:57:37 **** Incremental Build of configuration Debug for project hello_world ****
make all 
make: Nothing to be done for `all'.
08:58:01 **** Incremental Build of configuration Debug for project hello_world ****
make all 
make: Nothing to be done for `all'.
08:58:07 **** Incremental Build of configuration Debug for project hello_world ****
make all 
make: Nothing to be done for `all'.
08:58:26 **** Incremental Build of configuration Debug for project hello_world ****
make all 
make: Nothing to be done for `all'.
08:58:31 **** Incremental Build of configuration Debug for project hello_world ****
make all 
make: Nothing to be done for `all'.
08:58:50 **** Auto Build of configuration Debug for project hello_world ****
make all 
Building file: ../src/helloworld.c
Invoking: MicroBlaze gcc compiler
mb-gcc -Wall -O0 -g3 -c -fmessage-length=0 -MT"src/helloworld.o" -I../../hello_world_bsp/microblaze_0/include -mlittle-endian -mcpu=v9.5 -mxl-soft-mul -Wl,--no-relax -MMD -MP -MF"src/helloworld.d" -MT"src/helloworld.d" -o "src/helloworld.o" "../src/helloworld.c"
../src/helloworld.c: In function 'main':
../src/helloworld.c:64:5: warning: implicit declaration of function 'init_led' [-Wimplicit-function-declaration]
     init_led();
     ^
../src/helloworld.c:70:5: warning: implicit declaration of function 'put_led' [-Wimplicit-function-declaration]
     put_led(1);
     ^
../src/helloworld.c: At top level:
../src/helloworld.c:78:6: warning: conflicting types for 'put_led'
 void put_led(int number){
      ^
../src/helloworld.c:70:5: note: previous implicit declaration of 'put_led' was here
     put_led(1);
     ^
../src/helloworld.c:85:6: warning: conflicting types for 'init_led'
 void init_led(){
      ^
../src/helloworld.c:64:5: note: previous implicit declaration of 'init_led' was here
     init_led();
     ^
Finished building: ../src/helloworld.c
 
Building target: hello_world.elf
Invoking: MicroBlaze gcc linker
mb-gcc -Wl,-T -Wl,../src/lscript.ld -L../../hello_world_bsp/microblaze_0/lib -mlittle-endian -mcpu=v9.5 -mxl-soft-mul -Wl,--no-relax -o "hello_world.elf"  ./src/helloworld.o ./src/platform.o   -Wl,--start-group,-lxil,-lgcc,-lc,--end-group
Finished building target: hello_world.elf
 
Invoking: MicroBlaze Print Size
mb-size hello_world.elf  |tee "hello_world.elf.size"
   text	   data	    bss	    dec	    hex	filename
   4828	    304	   3156	   8288	   2060	hello_world.elf
Finished building: hello_world.elf.size
 
08:59:20 **** Auto Build of configuration Debug for project hello_world ****
make all 
Building file: ../src/helloworld.c
Invoking: MicroBlaze gcc compiler
mb-gcc -Wall -O0 -g3 -c -fmessage-length=0 -MT"src/helloworld.o" -I../../hello_world_bsp/microblaze_0/include -mlittle-endian -mcpu=v9.5 -mxl-soft-mul -Wl,--no-relax -MMD -MP -MF"src/helloworld.d" -MT"src/helloworld.d" -o "src/helloworld.o" "../src/helloworld.c"
Finished building: ../src/helloworld.c
 
Building target: hello_world.elf
Invoking: MicroBlaze gcc linker
mb-gcc -Wl,-T -Wl,../src/lscript.ld -L../../hello_world_bsp/microblaze_0/lib -mlittle-endian -mcpu=v9.5 -mxl-soft-mul -Wl,--no-relax -o "hello_world.elf"  ./src/helloworld.o ./src/platform.o   -Wl,--start-group,-lxil,-lgcc,-lc,--end-group
Finished building target: hello_world.elf
 
Invoking: MicroBlaze Print Size
mb-size hello_world.elf  |tee "hello_world.elf.size"
   text	   data	    bss	    dec	    hex	filename
   4888	    304	   3152	   8344	   2098	hello_world.elf
Finished building: hello_world.elf.size
 
08:59:23 **** Incremental Build of configuration Debug for project hello_world ****
make all 
make: Nothing to be done for `all'.
09:06:41 **** Clean-only build of project hello_world_bsp ****
make -k clean 
rm -f microblaze_0/lib/libxil.a
09:06:41 **** Build of project hello_world_bsp ****
make -k all 
Running Make include in microblaze_0/libsrc/bram_v4_0/src
make -C microblaze_0/libsrc/bram_v4_0/src -s include  "SHELL=/bin/sh" "COMPILER=mb-gcc" "ARCHIVER=mb-ar" "COMPILER_FLAGS= -O2 -c -mcpu=v9.5 -mlittle-endian -mxl-soft-mul" "EXTRA_COMPILER_FLAGS=-g"
Running Make include in microblaze_0/libsrc/cpu_v2_3/src
make -C microblaze_0/libsrc/cpu_v2_3/src -s include  "SHELL=/bin/sh" "COMPILER=mb-gcc" "ARCHIVER=mb-ar" "COMPILER_FLAGS= -O2 -c -mcpu=v9.5 -mlittle-endian -mxl-soft-mul" "EXTRA_COMPILER_FLAGS=-g"
Running Make include in microblaze_0/libsrc/gpio_v4_0/src
make -C microblaze_0/libsrc/gpio_v4_0/src -s include  "SHELL=/bin/sh" "COMPILER=mb-gcc" "ARCHIVER=mb-ar" "COMPILER_FLAGS= -O2 -c -mcpu=v9.5 -mlittle-endian -mxl-soft-mul" "EXTRA_COMPILER_FLAGS=-g"
Running Make include in microblaze_0/libsrc/standalone_v5_3/src
make -C microblaze_0/libsrc/standalone_v5_3/src -s include  "SHELL=/bin/sh" "COMPILER=mb-gcc" "ARCHIVER=mb-ar" "COMPILER_FLAGS= -O2 -c -mcpu=v9.5 -mlittle-endian -mxl-soft-mul" "EXTRA_COMPILER_FLAGS=-g"
Running Make include in microblaze_0/libsrc/uartlite_v3_1/src
make -C microblaze_0/libsrc/uartlite_v3_1/src -s include  "SHELL=/bin/sh" "COMPILER=mb-gcc" "ARCHIVER=mb-ar" "COMPILER_FLAGS= -O2 -c -mcpu=v9.5 -mlittle-endian -mxl-soft-mul" "EXTRA_COMPILER_FLAGS=-g"
Running Make libs in microblaze_0/libsrc/bram_v4_0/src
make -C microblaze_0/libsrc/bram_v4_0/src -s libs  "SHELL=/bin/sh" "COMPILER=mb-gcc" "ARCHIVER=mb-ar" "COMPILER_FLAGS= -O2 -c -mcpu=v9.5 -mlittle-endian -mxl-soft-mul" "EXTRA_COMPILER_FLAGS=-g"
Compiling bram
mb-ar: creating ../../../lib/libxil.a
Running Make libs in microblaze_0/libsrc/cpu_v2_3/src
make -C microblaze_0/libsrc/cpu_v2_3/src -s libs  "SHELL=/bin/sh" "COMPILER=mb-gcc" "ARCHIVER=mb-ar" "COMPILER_FLAGS= -O2 -c -mcpu=v9.5 -mlittle-endian -mxl-soft-mul" "EXTRA_COMPILER_FLAGS=-g"
Compiling cpu
Running Make libs in microblaze_0/libsrc/gpio_v4_0/src
make -C microblaze_0/libsrc/gpio_v4_0/src -s libs  "SHELL=/bin/sh" "COMPILER=mb-gcc" "ARCHIVER=mb-ar" "COMPILER_FLAGS= -O2 -c -mcpu=v9.5 -mlittle-endian -mxl-soft-mul" "EXTRA_COMPILER_FLAGS=-g"
Compiling gpio
Running Make libs in microblaze_0/libsrc/standalone_v5_3/src
make -C microblaze_0/libsrc/standalone_v5_3/src -s libs  "SHELL=/bin/sh" "COMPILER=mb-gcc" "ARCHIVER=mb-ar" "COMPILER_FLAGS= -O2 -c -mcpu=v9.5 -mlittle-endian -mxl-soft-mul" "EXTRA_COMPILER_FLAGS=-g"
Compiling standalone
Running Make libs in microblaze_0/libsrc/uartlite_v3_1/src
make -C microblaze_0/libsrc/uartlite_v3_1/src -s libs  "SHELL=/bin/sh" "COMPILER=mb-gcc" "ARCHIVER=mb-ar" "COMPILER_FLAGS= -O2 -c -mcpu=v9.5 -mlittle-endian -mxl-soft-mul" "EXTRA_COMPILER_FLAGS=-g"
Compiling uartlite
Finished building libraries
09:06:43 **** Clean-only build of configuration Debug for project hello_world ****
make clean 
rm -rf  ./src/helloworld.o ./src/platform.o  ./src/helloworld.d ./src/platform.d  hello_world.elf.size  hello_world.elf
 
09:06:43 **** Build of configuration Debug for project hello_world ****
make all 
Building file: ../src/helloworld.c
Invoking: MicroBlaze gcc compiler
mb-gcc -Wall -O0 -g3 -c -fmessage-length=0 -MT"src/helloworld.o" -I../../hello_world_bsp/microblaze_0/include -mlittle-endian -mcpu=v9.5 -mxl-soft-mul -Wl,--no-relax -MMD -MP -MF"src/helloworld.d" -MT"src/helloworld.d" -o "src/helloworld.o" "../src/helloworld.c"
Finished building: ../src/helloworld.c
 
Building file: ../src/platform.c
Invoking: MicroBlaze gcc compiler
mb-gcc -Wall -O0 -g3 -c -fmessage-length=0 -MT"src/platform.o" -I../../hello_world_bsp/microblaze_0/include -mlittle-endian -mcpu=v9.5 -mxl-soft-mul -Wl,--no-relax -MMD -MP -MF"src/platform.d" -MT"src/platform.d" -o "src/platform.o" "../src/platform.c"
Finished building: ../src/platform.c
 
Building target: hello_world.elf
Invoking: MicroBlaze gcc linker
mb-gcc -Wl,-T -Wl,../src/lscript.ld -L../../hello_world_bsp/microblaze_0/lib -mlittle-endian -mcpu=v9.5 -mxl-soft-mul -Wl,--no-relax -o "hello_world.elf"  ./src/helloworld.o ./src/platform.o   -Wl,--start-group,-lxil,-lgcc,-lc,--end-group
Finished building target: hello_world.elf
 
Invoking: MicroBlaze Print Size
mb-size hello_world.elf  |tee "hello_world.elf.size"
   text	   data	    bss	    dec	    hex	filename
   4888	    304	   3152	   8344	   2098	hello_world.elf
Finished building: hello_world.elf.size
 
09:06:46 **** Incremental Build of configuration Debug for project hello_world ****
make all 
make: Nothing to be done for `all'.
09:06:59 **** Incremental Build of configuration Debug for project hello_world ****
make all 
make: Nothing to be done for `all'.
09:07:18 **** Auto Build of configuration Debug for project hello_world ****
make all 
Building file: ../src/helloworld.c
Invoking: MicroBlaze gcc compiler
mb-gcc -Wall -O0 -g3 -c -fmessage-length=0 -MT"src/helloworld.o" -I../../hello_world_bsp/microblaze_0/include -mlittle-endian -mcpu=v9.5 -mxl-soft-mul -Wl,--no-relax -MMD -MP -MF"src/helloworld.d" -MT"src/helloworld.d" -o "src/helloworld.o" "../src/helloworld.c"
Finished building: ../src/helloworld.c
 
Building target: hello_world.elf
Invoking: MicroBlaze gcc linker
mb-gcc -Wl,-T -Wl,../src/lscript.ld -L../../hello_world_bsp/microblaze_0/lib -mlittle-endian -mcpu=v9.5 -mxl-soft-mul -Wl,--no-relax -o "hello_world.elf"  ./src/helloworld.o ./src/platform.o   -Wl,--start-group,-lxil,-lgcc,-lc,--end-group
Finished building target: hello_world.elf
 
Invoking: MicroBlaze Print Size
mb-size hello_world.elf  |tee "hello_world.elf.size"
   text	   data	    bss	    dec	    hex	filename
   4888	    304	   3152	   8344	   2098	hello_world.elf
Finished building: hello_world.elf.size
 
09:07:19 **** Incremental Build of configuration Debug for project hello_world ****
make all 
make: Nothing to be done for `all'.
09:07:23 **** Incremental Build of configuration Debug for project hello_world ****
make all 
make: Nothing to be done for `all'.
09:07:31 **** Auto Build of configuration Debug for project hello_world ****
make all 
Building file: ../src/helloworld.c
Invoking: MicroBlaze gcc compiler
mb-gcc -Wall -O0 -g3 -c -fmessage-length=0 -MT"src/helloworld.o" -I../../hello_world_bsp/microblaze_0/include -mlittle-endian -mcpu=v9.5 -mxl-soft-mul -Wl,--no-relax -MMD -MP -MF"src/helloworld.d" -MT"src/helloworld.d" -o "src/helloworld.o" "../src/helloworld.c"
Finished building: ../src/helloworld.c
 
Building target: hello_world.elf
Invoking: MicroBlaze gcc linker
mb-gcc -Wl,-T -Wl,../src/lscript.ld -L../../hello_world_bsp/microblaze_0/lib -mlittle-endian -mcpu=v9.5 -mxl-soft-mul -Wl,--no-relax -o "hello_world.elf"  ./src/helloworld.o ./src/platform.o   -Wl,--start-group,-lxil,-lgcc,-lc,--end-group
Finished building target: hello_world.elf
 
Invoking: MicroBlaze Print Size
mb-size hello_world.elf  |tee "hello_world.elf.size"
   text	   data	    bss	    dec	    hex	filename
   4888	    304	   3152	   8344	   2098	hello_world.elf
Finished building: hello_world.elf.size
 
09:07:34 **** Incremental Build of configuration Debug for project hello_world ****
make all 
make: Nothing to be done for `all'.
09:07:54 **** Incremental Build of configuration Debug for project hello_world ****
make all 
make: Nothing to be done for `all'.
09:08:01 **** Incremental Build of configuration Debug for project hello_world ****
make all 
make: Nothing to be done for `all'.
09:08:03 **** Incremental Build of configuration Debug for project hello_world ****
make all 
make: Nothing to be done for `all'.
09:08:17 **** Incremental Build of configuration Debug for project hello_world ****
make all 
make: Nothing to be done for `all'.
09:08:20 **** Incremental Build of configuration Debug for project hello_world ****
make all 
make: Nothing to be done for `all'.
09:08:26 **** Incremental Build of configuration Debug for project hello_world ****
make all 
make: Nothing to be done for `all'.
09:08:40 **** Incremental Build of configuration Debug for project hello_world ****
make all 
make: Nothing to be done for `all'.
09:09:17 **** Auto Build of configuration Debug for project hello_world ****
make all 
Building file: ../src/helloworld.c
Invoking: MicroBlaze gcc compiler
mb-gcc -Wall -O0 -g3 -c -fmessage-length=0 -MT"src/helloworld.o" -I../../hello_world_bsp/microblaze_0/include -mlittle-endian -mcpu=v9.5 -mxl-soft-mul -Wl,--no-relax -MMD -MP -MF"src/helloworld.d" -MT"src/helloworld.d" -o "src/helloworld.o" "../src/helloworld.c"
Finished building: ../src/helloworld.c
 
Building target: hello_world.elf
Invoking: MicroBlaze gcc linker
mb-gcc -Wl,-T -Wl,../src/lscript.ld -L../../hello_world_bsp/microblaze_0/lib -mlittle-endian -mcpu=v9.5 -mxl-soft-mul -Wl,--no-relax -o "hello_world.elf"  ./src/helloworld.o ./src/platform.o   -Wl,--start-group,-lxil,-lgcc,-lc,--end-group
Finished building target: hello_world.elf
 
Invoking: MicroBlaze Print Size
mb-size hello_world.elf  |tee "hello_world.elf.size"
   text	   data	    bss	    dec	    hex	filename
   4892	    304	   3156	   8352	   20a0	hello_world.elf
Finished building: hello_world.elf.size
 
09:09:23 **** Auto Build of configuration Debug for project hello_world ****
make all 
Building file: ../src/helloworld.c
Invoking: MicroBlaze gcc compiler
mb-gcc -Wall -O0 -g3 -c -fmessage-length=0 -MT"src/helloworld.o" -I../../hello_world_bsp/microblaze_0/include -mlittle-endian -mcpu=v9.5 -mxl-soft-mul -Wl,--no-relax -MMD -MP -MF"src/helloworld.d" -MT"src/helloworld.d" -o "src/helloworld.o" "../src/helloworld.c"
Finished building: ../src/helloworld.c
 
Building target: hello_world.elf
Invoking: MicroBlaze gcc linker
mb-gcc -Wl,-T -Wl,../src/lscript.ld -L../../hello_world_bsp/microblaze_0/lib -mlittle-endian -mcpu=v9.5 -mxl-soft-mul -Wl,--no-relax -o "hello_world.elf"  ./src/helloworld.o ./src/platform.o   -Wl,--start-group,-lxil,-lgcc,-lc,--end-group
Finished building target: hello_world.elf
 
Invoking: MicroBlaze Print Size
mb-size hello_world.elf  |tee "hello_world.elf.size"
   text	   data	    bss	    dec	    hex	filename
   4888	    304	   3152	   8344	   2098	hello_world.elf
Finished building: hello_world.elf.size
 
09:09:26 **** Incremental Build of configuration Debug for project hello_world ****
make all 
make: Nothing to be done for `all'.
09:09:39 **** Incremental Build of configuration Debug for project hello_world ****
make all 
make: Nothing to be done for `all'.
09:09:43 **** Incremental Build of configuration Debug for project hello_world ****
make all 
make: Nothing to be done for `all'.
09:09:50 **** Incremental Build of configuration Debug for project hello_world ****
make all 
make: Nothing to be done for `all'.
09:09:53 **** Incremental Build of configuration Debug for project hello_world ****
make all 
make: Nothing to be done for `all'.
09:10:11 **** Incremental Build of configuration Debug for project hello_world ****
make all 
make: Nothing to be done for `all'.
09:10:14 **** Incremental Build of configuration Debug for project hello_world ****
make all 
make: Nothing to be done for `all'.
09:10:22 **** Incremental Build of configuration Debug for project hello_world ****
make all 
make: Nothing to be done for `all'.
09:10:36 **** Incremental Build of configuration Debug for project hello_world ****
make all 
make: Nothing to be done for `all'.
09:10:46 **** Incremental Build of configuration Debug for project hello_world ****
make all 
Building file: ../src/helloworld.c
Invoking: MicroBlaze gcc compiler
mb-gcc -Wall -O0 -g3 -c -fmessage-length=0 -MT"src/helloworld.o" -I../../hello_world_bsp/microblaze_0/include -mlittle-endian -mcpu=v9.5 -mxl-soft-mul -Wl,--no-relax -MMD -MP -MF"src/helloworld.d" -MT"src/helloworld.d" -o "src/helloworld.o" "../src/helloworld.c"
Finished building: ../src/helloworld.c
 
Building target: hello_world.elf
Invoking: MicroBlaze gcc linker
mb-gcc -Wl,-T -Wl,../src/lscript.ld -L../../hello_world_bsp/microblaze_0/lib -mlittle-endian -mcpu=v9.5 -mxl-soft-mul -Wl,--no-relax -o "hello_world.elf"  ./src/helloworld.o ./src/platform.o   -Wl,--start-group,-lxil,-lgcc,-lc,--end-group
Finished building target: hello_world.elf
 
Invoking: MicroBlaze Print Size
mb-size hello_world.elf  |tee "hello_world.elf.size"
   text	   data	    bss	    dec	    hex	filename
   4860	    304	   3156	   8320	   2080	hello_world.elf
Finished building: hello_world.elf.size
 
09:11:01 **** Incremental Build of configuration Debug for project hello_world ****
make all 
make: Nothing to be done for `all'.
09:11:10 **** Incremental Build of configuration Debug for project hello_world ****
make all 
make: Nothing to be done for `all'.
09:11:15 **** Incremental Build of configuration Debug for project hello_world ****
make all 
make: Nothing to be done for `all'.
09:11:23 **** Incremental Build of configuration Debug for project hello_world ****
make all 
make: Nothing to be done for `all'.
09:11:29 **** Incremental Build of configuration Debug for project hello_world ****
make all 
make: Nothing to be done for `all'.
09:11:47 **** Auto Build of configuration Debug for project hello_world ****
make all 
Building file: ../src/helloworld.c
Invoking: MicroBlaze gcc compiler
mb-gcc -Wall -O0 -g3 -c -fmessage-length=0 -MT"src/helloworld.o" -I../../hello_world_bsp/microblaze_0/include -mlittle-endian -mcpu=v9.5 -mxl-soft-mul -Wl,--no-relax -MMD -MP -MF"src/helloworld.d" -MT"src/helloworld.d" -o "src/helloworld.o" "../src/helloworld.c"
Finished building: ../src/helloworld.c
 
Building target: hello_world.elf
Invoking: MicroBlaze gcc linker
mb-gcc -Wl,-T -Wl,../src/lscript.ld -L../../hello_world_bsp/microblaze_0/lib -mlittle-endian -mcpu=v9.5 -mxl-soft-mul -Wl,--no-relax -o "hello_world.elf"  ./src/helloworld.o ./src/platform.o   -Wl,--start-group,-lxil,-lgcc,-lc,--end-group
Finished building target: hello_world.elf
 
Invoking: MicroBlaze Print Size
mb-size hello_world.elf  |tee "hello_world.elf.size"
   text	   data	    bss	    dec	    hex	filename
   4888	    304	   3152	   8344	   2098	hello_world.elf
Finished building: hello_world.elf.size
 
09:11:49 **** Incremental Build of configuration Debug for project hello_world ****
make all 
make: Nothing to be done for `all'.
09:11:58 **** Auto Build of configuration Debug for project hello_world ****
make all 
Building file: ../src/helloworld.c
Invoking: MicroBlaze gcc compiler
mb-gcc -Wall -O0 -g3 -c -fmessage-length=0 -MT"src/helloworld.o" -I../../hello_world_bsp/microblaze_0/include -mlittle-endian -mcpu=v9.5 -mxl-soft-mul -Wl,--no-relax -MMD -MP -MF"src/helloworld.d" -MT"src/helloworld.d" -o "src/helloworld.o" "../src/helloworld.c"
Finished building: ../src/helloworld.c
 
Building target: hello_world.elf
Invoking: MicroBlaze gcc linker
mb-gcc -Wl,-T -Wl,../src/lscript.ld -L../../hello_world_bsp/microblaze_0/lib -mlittle-endian -mcpu=v9.5 -mxl-soft-mul -Wl,--no-relax -o "hello_world.elf"  ./src/helloworld.o ./src/platform.o   -Wl,--start-group,-lxil,-lgcc,-lc,--end-group
Finished building target: hello_world.elf
 
Invoking: MicroBlaze Print Size
mb-size hello_world.elf  |tee "hello_world.elf.size"
   text	   data	    bss	    dec	    hex	filename
   4888	    304	   3152	   8344	   2098	hello_world.elf
Finished building: hello_world.elf.size
 
09:12:00 **** Incremental Build of configuration Debug for project hello_world ****
make all 
make: Nothing to be done for `all'.
09:12:06 **** Incremental Build of configuration Debug for project hello_world ****
make all 
make: Nothing to be done for `all'.
09:12:11 **** Auto Build of configuration Debug for project hello_world ****
make all 
Building file: ../src/helloworld.c
Invoking: MicroBlaze gcc compiler
mb-gcc -Wall -O0 -g3 -c -fmessage-length=0 -MT"src/helloworld.o" -I../../hello_world_bsp/microblaze_0/include -mlittle-endian -mcpu=v9.5 -mxl-soft-mul -Wl,--no-relax -MMD -MP -MF"src/helloworld.d" -MT"src/helloworld.d" -o "src/helloworld.o" "../src/helloworld.c"
Finished building: ../src/helloworld.c
 
Building target: hello_world.elf
Invoking: MicroBlaze gcc linker
mb-gcc -Wl,-T -Wl,../src/lscript.ld -L../../hello_world_bsp/microblaze_0/lib -mlittle-endian -mcpu=v9.5 -mxl-soft-mul -Wl,--no-relax -o "hello_world.elf"  ./src/helloworld.o ./src/platform.o   -Wl,--start-group,-lxil,-lgcc,-lc,--end-group
Finished building target: hello_world.elf
 
Invoking: MicroBlaze Print Size
mb-size hello_world.elf  |tee "hello_world.elf.size"
   text	   data	    bss	    dec	    hex	filename
   4888	    304	   3152	   8344	   2098	hello_world.elf
Finished building: hello_world.elf.size
 
09:12:12 **** Incremental Build of configuration Debug for project hello_world ****
make all 
make: Nothing to be done for `all'.
09:13:22 **** Auto Build of configuration Debug for project hello_world ****
make all 
Building file: ../src/helloworld.c
Invoking: MicroBlaze gcc compiler
mb-gcc -Wall -O0 -g3 -c -fmessage-length=0 -MT"src/helloworld.o" -I../../hello_world_bsp/microblaze_0/include -mlittle-endian -mcpu=v9.5 -mxl-soft-mul -Wl,--no-relax -MMD -MP -MF"src/helloworld.d" -MT"src/helloworld.d" -o "src/helloworld.o" "../src/helloworld.c"
../src/helloworld.c: In function 'main':
../src/helloworld.c:64:5: warning: implicit declaration of function 'init_led' [-Wimplicit-function-declaration]
     init_led();
     ^
../src/helloworld.c:75:5: warning: implicit declaration of function 'put_led' [-Wimplicit-function-declaration]
     put_led(16);
     ^
../src/helloworld.c: At top level:
../src/helloworld.c:82:6: warning: conflicting types for 'put_led'
 void put_led(int number){
      ^
../src/helloworld.c:75:5: note: previous implicit declaration of 'put_led' was here
     put_led(16);
     ^
../src/helloworld.c:89:6: warning: conflicting types for 'init_led'
 void init_led(){
      ^
../src/helloworld.c:64:5: note: previous implicit declaration of 'init_led' was here
     init_led();
     ^
Finished building: ../src/helloworld.c
 
Building target: hello_world.elf
Invoking: MicroBlaze gcc linker
mb-gcc -Wl,-T -Wl,../src/lscript.ld -L../../hello_world_bsp/microblaze_0/lib -mlittle-endian -mcpu=v9.5 -mxl-soft-mul -Wl,--no-relax -o "hello_world.elf"  ./src/helloworld.o ./src/platform.o   -Wl,--start-group,-lxil,-lgcc,-lc,--end-group
Finished building target: hello_world.elf
 
Invoking: MicroBlaze Print Size
mb-size hello_world.elf  |tee "hello_world.elf.size"
   text	   data	    bss	    dec	    hex	filename
   4832	    304	   3152	   8288	   2060	hello_world.elf
Finished building: hello_world.elf.size
 
09:13:24 **** Incremental Build of configuration Debug for project hello_world ****
make all 
make: Nothing to be done for `all'.
09:13:40 **** Incremental Build of configuration Debug for project hello_world ****
make all 
make: Nothing to be done for `all'.
09:13:44 **** Auto Build of configuration Debug for project hello_world ****
make all 
Building file: ../src/helloworld.c
Invoking: MicroBlaze gcc compiler
mb-gcc -Wall -O0 -g3 -c -fmessage-length=0 -MT"src/helloworld.o" -I../../hello_world_bsp/microblaze_0/include -mlittle-endian -mcpu=v9.5 -mxl-soft-mul -Wl,--no-relax -MMD -MP -MF"src/helloworld.d" -MT"src/helloworld.d" -o "src/helloworld.o" "../src/helloworld.c"
../src/helloworld.c: In function 'main':
../src/helloworld.c:64:5: warning: implicit declaration of function 'init_led' [-Wimplicit-function-declaration]
     init_led();
     ^
../src/helloworld.c:75:5: warning: implicit declaration of function 'put_led' [-Wimplicit-function-declaration]
     put_led(255);
     ^
../src/helloworld.c: At top level:
../src/helloworld.c:82:6: warning: conflicting types for 'put_led'
 void put_led(int number){
      ^
../src/helloworld.c:75:5: note: previous implicit declaration of 'put_led' was here
     put_led(255);
     ^
../src/helloworld.c:89:6: warning: conflicting types for 'init_led'
 void init_led(){
      ^
../src/helloworld.c:64:5: note: previous implicit declaration of 'init_led' was here
     init_led();
     ^
Finished building: ../src/helloworld.c
 
Building target: hello_world.elf
Invoking: MicroBlaze gcc linker
mb-gcc -Wl,-T -Wl,../src/lscript.ld -L../../hello_world_bsp/microblaze_0/lib -mlittle-endian -mcpu=v9.5 -mxl-soft-mul -Wl,--no-relax -o "hello_world.elf"  ./src/helloworld.o ./src/platform.o   -Wl,--start-group,-lxil,-lgcc,-lc,--end-group
Finished building target: hello_world.elf
 
Invoking: MicroBlaze Print Size
mb-size hello_world.elf  |tee "hello_world.elf.size"
   text	   data	    bss	    dec	    hex	filename
   4832	    304	   3152	   8288	   2060	hello_world.elf
Finished building: hello_world.elf.size
 
09:13:46 **** Incremental Build of configuration Debug for project hello_world ****
make all 
make: Nothing to be done for `all'.
09:15:11 **** Incremental Build of configuration Debug for project hello_world ****
make all 
make: Nothing to be done for `all'.
09:15:13 **** Auto Build of configuration Debug for project hello_world ****
make all 
Building file: ../src/helloworld.c
Invoking: MicroBlaze gcc compiler
mb-gcc -Wall -O0 -g3 -c -fmessage-length=0 -MT"src/helloworld.o" -I../../hello_world_bsp/microblaze_0/include -mlittle-endian -mcpu=v9.5 -mxl-soft-mul -Wl,--no-relax -MMD -MP -MF"src/helloworld.d" -MT"src/helloworld.d" -o "src/helloworld.o" "../src/helloworld.c"
../src/helloworld.c: In function 'main':
../src/helloworld.c:64:5: warning: implicit declaration of function 'init_led' [-Wimplicit-function-declaration]
     init_led();
     ^
../src/helloworld.c:75:5: warning: implicit declaration of function 'put_led' [-Wimplicit-function-declaration]
     put_led(65535);
     ^
../src/helloworld.c: At top level:
../src/helloworld.c:82:6: warning: conflicting types for 'put_led'
 void put_led(int number){
      ^
../src/helloworld.c:75:5: note: previous implicit declaration of 'put_led' was here
     put_led(65535);
     ^
../src/helloworld.c:89:6: warning: conflicting types for 'init_led'
 void init_led(){
      ^
../src/helloworld.c:64:5: note: previous implicit declaration of 'init_led' was here
     init_led();
     ^
Finished building: ../src/helloworld.c
 
Building target: hello_world.elf
Invoking: MicroBlaze gcc linker
mb-gcc -Wl,-T -Wl,../src/lscript.ld -L../../hello_world_bsp/microblaze_0/lib -mlittle-endian -mcpu=v9.5 -mxl-soft-mul -Wl,--no-relax -o "hello_world.elf"  ./src/helloworld.o ./src/platform.o   -Wl,--start-group,-lxil,-lgcc,-lc,--end-group
Finished building target: hello_world.elf
 
Invoking: MicroBlaze Print Size
mb-size hello_world.elf  |tee "hello_world.elf.size"
   text	   data	    bss	    dec	    hex	filename
   4836	    304	   3156	   8296	   2068	hello_world.elf
Finished building: hello_world.elf.size
 
09:15:15 **** Incremental Build of configuration Debug for project hello_world ****
make all 
make: Nothing to be done for `all'.
09:15:39 **** Auto Build of configuration Debug for project hello_world ****
make all 
Building file: ../src/helloworld.c
Invoking: MicroBlaze gcc compiler
mb-gcc -Wall -O0 -g3 -c -fmessage-length=0 -MT"src/helloworld.o" -I../../hello_world_bsp/microblaze_0/include -mlittle-endian -mcpu=v9.5 -mxl-soft-mul -Wl,--no-relax -MMD -MP -MF"src/helloworld.d" -MT"src/helloworld.d" -o "src/helloworld.o" "../src/helloworld.c"
../src/helloworld.c: In function 'main':
../src/helloworld.c:64:5: warning: implicit declaration of function 'init_led' [-Wimplicit-function-declaration]
     init_led();
     ^
../src/helloworld.c:69:5: warning: implicit declaration of function 'put_led' [-Wimplicit-function-declaration]
     put_led(65535);
     ^
../src/helloworld.c: At top level:
../src/helloworld.c:76:6: warning: conflicting types for 'put_led'
 void put_led(int number){
      ^
../src/helloworld.c:69:5: note: previous implicit declaration of 'put_led' was here
     put_led(65535);
     ^
../src/helloworld.c:83:6: warning: conflicting types for 'init_led'
 void init_led(){
      ^
../src/helloworld.c:64:5: note: previous implicit declaration of 'init_led' was here
     init_led();
     ^
Finished building: ../src/helloworld.c
 
Building target: hello_world.elf
Invoking: MicroBlaze gcc linker
mb-gcc -Wl,-T -Wl,../src/lscript.ld -L../../hello_world_bsp/microblaze_0/lib -mlittle-endian -mcpu=v9.5 -mxl-soft-mul -Wl,--no-relax -o "hello_world.elf"  ./src/helloworld.o ./src/platform.o   -Wl,--start-group,-lxil,-lgcc,-lc,--end-group
Finished building target: hello_world.elf
 
Invoking: MicroBlaze Print Size
mb-size hello_world.elf  |tee "hello_world.elf.size"
   text	   data	    bss	    dec	    hex	filename
   4836	    304	   3156	   8296	   2068	hello_world.elf
Finished building: hello_world.elf.size
 
09:47:16 **** Incremental Build of configuration Debug for project hello_world ****
make all 
make: Nothing to be done for `all'.
09:47:59 **** Incremental Build of configuration Debug for project hello_world ****
make all 
make: Nothing to be done for `all'.
09:48:17 **** Incremental Build of configuration Debug for project hello_world ****
make all 
make: Nothing to be done for `all'.
09:48:55 **** Auto Build of configuration Debug for project hello_world ****
make all 
Building file: ../src/helloworld.c
Invoking: MicroBlaze gcc compiler
mb-gcc -Wall -O0 -g3 -c -fmessage-length=0 -MT"src/helloworld.o" -I../../hello_world_bsp/microblaze_0/include -mlittle-endian -mcpu=v9.5 -mxl-soft-mul -Wl,--no-relax -MMD -MP -MF"src/helloworld.d" -MT"src/helloworld.d" -o "src/helloworld.o" "../src/helloworld.c"
../src/helloworld.c: In function 'main':
../src/helloworld.c:64:5: warning: implicit declaration of function 'init_led' [-Wimplicit-function-declaration]
     init_led();
     ^
../src/helloworld.c:69:5: warning: implicit declaration of function 'put_led' [-Wimplicit-function-declaration]
     put_led(123);
     ^
../src/helloworld.c: At top level:
../src/helloworld.c:76:6: warning: conflicting types for 'put_led'
 void put_led(int number){
      ^
../src/helloworld.c:69:5: note: previous implicit declaration of 'put_led' was here
     put_led(123);
     ^
../src/helloworld.c:83:6: warning: conflicting types for 'init_led'
 void init_led(){
      ^
../src/helloworld.c:64:5: note: previous implicit declaration of 'init_led' was here
     init_led();
     ^
Finished building: ../src/helloworld.c
 
Building target: hello_world.elf
Invoking: MicroBlaze gcc linker
mb-gcc -Wl,-T -Wl,../src/lscript.ld -L../../hello_world_bsp/microblaze_0/lib -mlittle-endian -mcpu=v9.5 -mxl-soft-mul -Wl,--no-relax -o "hello_world.elf"  ./src/helloworld.o ./src/platform.o   -Wl,--start-group,-lxil,-lgcc,-lc,--end-group
Finished building target: hello_world.elf
 
Invoking: MicroBlaze Print Size
mb-size hello_world.elf  |tee "hello_world.elf.size"
   text	   data	    bss	    dec	    hex	filename
   4832	    304	   3152	   8288	   2060	hello_world.elf
Finished building: hello_world.elf.size
 
09:48:57 **** Incremental Build of configuration Debug for project hello_world ****
make all 
make: Nothing to be done for `all'.
09:49:27 **** Auto Build of configuration Debug for project hello_world ****
make all 
Building file: ../src/helloworld.c
Invoking: MicroBlaze gcc compiler
mb-gcc -Wall -O0 -g3 -c -fmessage-length=0 -MT"src/helloworld.o" -I../../hello_world_bsp/microblaze_0/include -mlittle-endian -mcpu=v9.5 -mxl-soft-mul -Wl,--no-relax -MMD -MP -MF"src/helloworld.d" -MT"src/helloworld.d" -o "src/helloworld.o" "../src/helloworld.c"
../src/helloworld.c: In function 'main':
../src/helloworld.c:64:5: warning: implicit declaration of function 'init_led' [-Wimplicit-function-declaration]
     init_led();
     ^
../src/helloworld.c:69:5: warning: implicit declaration of function 'put_led' [-Wimplicit-function-declaration]
     put_led(0xaa);
     ^
../src/helloworld.c: At top level:
../src/helloworld.c:76:6: warning: conflicting types for 'put_led'
 void put_led(int number){
      ^
../src/helloworld.c:69:5: note: previous implicit declaration of 'put_led' was here
     put_led(0xaa);
     ^
../src/helloworld.c:83:6: warning: conflicting types for 'init_led'
 void init_led(){
      ^
../src/helloworld.c:64:5: note: previous implicit declaration of 'init_led' was here
     init_led();
     ^
Finished building: ../src/helloworld.c
 
Building target: hello_world.elf
Invoking: MicroBlaze gcc linker
mb-gcc -Wl,-T -Wl,../src/lscript.ld -L../../hello_world_bsp/microblaze_0/lib -mlittle-endian -mcpu=v9.5 -mxl-soft-mul -Wl,--no-relax -o "hello_world.elf"  ./src/helloworld.o ./src/platform.o   -Wl,--start-group,-lxil,-lgcc,-lc,--end-group
Finished building target: hello_world.elf
 
Invoking: MicroBlaze Print Size
mb-size hello_world.elf  |tee "hello_world.elf.size"
   text	   data	    bss	    dec	    hex	filename
   4832	    304	   3152	   8288	   2060	hello_world.elf
Finished building: hello_world.elf.size
 
09:49:30 **** Incremental Build of configuration Debug for project hello_world ****
make all 
make: Nothing to be done for `all'.
09:49:52 **** Auto Build of configuration Debug for project hello_world ****
make all 
Building file: ../src/helloworld.c
Invoking: MicroBlaze gcc compiler
mb-gcc -Wall -O0 -g3 -c -fmessage-length=0 -MT"src/helloworld.o" -I../../hello_world_bsp/microblaze_0/include -mlittle-endian -mcpu=v9.5 -mxl-soft-mul -Wl,--no-relax -MMD -MP -MF"src/helloworld.d" -MT"src/helloworld.d" -o "src/helloworld.o" "../src/helloworld.c"
../src/helloworld.c: In function 'main':
../src/helloworld.c:64:5: warning: implicit declaration of function 'init_led' [-Wimplicit-function-declaration]
     init_led();
     ^
../src/helloworld.c:69:5: warning: implicit declaration of function 'put_led' [-Wimplicit-function-declaration]
     put_led(0xaaaa);
     ^
../src/helloworld.c: At top level:
../src/helloworld.c:76:6: warning: conflicting types for 'put_led'
 void put_led(int number){
      ^
../src/helloworld.c:69:5: note: previous implicit declaration of 'put_led' was here
     put_led(0xaaaa);
     ^
../src/helloworld.c:83:6: warning: conflicting types for 'init_led'
 void init_led(){
      ^
../src/helloworld.c:64:5: note: previous implicit declaration of 'init_led' was here
     init_led();
     ^
Finished building: ../src/helloworld.c
 
Building target: hello_world.elf
Invoking: MicroBlaze gcc linker
mb-gcc -Wl,-T -Wl,../src/lscript.ld -L../../hello_world_bsp/microblaze_0/lib -mlittle-endian -mcpu=v9.5 -mxl-soft-mul -Wl,--no-relax -o "hello_world.elf"  ./src/helloworld.o ./src/platform.o   -Wl,--start-group,-lxil,-lgcc,-lc,--end-group
Finished building target: hello_world.elf
 
Invoking: MicroBlaze Print Size
mb-size hello_world.elf  |tee "hello_world.elf.size"
   text	   data	    bss	    dec	    hex	filename
   4836	    304	   3156	   8296	   2068	hello_world.elf
Finished building: hello_world.elf.size
 
09:49:55 **** Incremental Build of configuration Debug for project hello_world ****
make all 
make: Nothing to be done for `all'.
09:51:28 **** Auto Build of configuration Debug for project hello_world ****
make all 
Building file: ../src/helloworld.c
Invoking: MicroBlaze gcc compiler
mb-gcc -Wall -O0 -g3 -c -fmessage-length=0 -MT"src/helloworld.o" -I../../hello_world_bsp/microblaze_0/include -mlittle-endian -mcpu=v9.5 -mxl-soft-mul -Wl,--no-relax -MMD -MP -MF"src/helloworld.d" -MT"src/helloworld.d" -o "src/helloworld.o" "../src/helloworld.c"
../src/helloworld.c: In function 'main':
../src/helloworld.c:65:5: warning: implicit declaration of function 'init_led' [-Wimplicit-function-declaration]
     init_led();
     ^
../src/helloworld.c:70:6: warning: implicit declaration of function 'put_led' [-Wimplicit-function-declaration]
      put_led(0xaaaa);
      ^
../src/helloworld.c:72:6: warning: implicit declaration of function 'put' [-Wimplicit-function-declaration]
      put(led(0x5555));
      ^
../src/helloworld.c:72:6: warning: implicit declaration of function 'led' [-Wimplicit-function-declaration]
../src/helloworld.c: At top level:
../src/helloworld.c:80:6: warning: conflicting types for 'put_led'
 void put_led(int number){
      ^
../src/helloworld.c:70:6: note: previous implicit declaration of 'put_led' was here
      put_led(0xaaaa);
      ^
../src/helloworld.c:87:6: warning: conflicting types for 'init_led'
 void init_led(){
      ^
../src/helloworld.c:65:5: note: previous implicit declaration of 'init_led' was here
     init_led();
     ^
Finished building: ../src/helloworld.c
 
Building target: hello_world.elf
Invoking: MicroBlaze gcc linker
mb-gcc -Wl,-T -Wl,../src/lscript.ld -L../../hello_world_bsp/microblaze_0/lib -mlittle-endian -mcpu=v9.5 -mxl-soft-mul -Wl,--no-relax -o "hello_world.elf"  ./src/helloworld.o ./src/platform.o   -Wl,--start-group,-lxil,-lgcc,-lc,--end-group
./src/helloworld.o: In function `main':
/mnt/seagate/Development/FPGA/MB_LED/MB_LED.sdk/hello_world/Debug/../src/helloworld.c:72: undefined reference to `led'
/mnt/seagate/Development/FPGA/MB_LED/MB_LED.sdk/hello_world/Debug/../src/helloworld.c:72: undefined reference to `put'
collect2: error: ld returned 1 exit status
make: *** [hello_world.elf] Error 1
09:51:39 **** Auto Build of configuration Debug for project hello_world ****
make all 
Building file: ../src/helloworld.c
Invoking: MicroBlaze gcc compiler
mb-gcc -Wall -O0 -g3 -c -fmessage-length=0 -MT"src/helloworld.o" -I../../hello_world_bsp/microblaze_0/include -mlittle-endian -mcpu=v9.5 -mxl-soft-mul -Wl,--no-relax -MMD -MP -MF"src/helloworld.d" -MT"src/helloworld.d" -o "src/helloworld.o" "../src/helloworld.c"
../src/helloworld.c: In function 'main':
../src/helloworld.c:65:5: warning: implicit declaration of function 'init_led' [-Wimplicit-function-declaration]
     init_led();
     ^
../src/helloworld.c:70:6: warning: implicit declaration of function 'put_led' [-Wimplicit-function-declaration]
      put_led(0xaaaa);
      ^
../src/helloworld.c: At top level:
../src/helloworld.c:80:6: warning: conflicting types for 'put_led'
 void put_led(int number){
      ^
../src/helloworld.c:70:6: note: previous implicit declaration of 'put_led' was here
      put_led(0xaaaa);
      ^
../src/helloworld.c:87:6: warning: conflicting types for 'init_led'
 void init_led(){
      ^
../src/helloworld.c:65:5: note: previous implicit declaration of 'init_led' was here
     init_led();
     ^
Finished building: ../src/helloworld.c
 
Building target: hello_world.elf
Invoking: MicroBlaze gcc linker
mb-gcc -Wl,-T -Wl,../src/lscript.ld -L../../hello_world_bsp/microblaze_0/lib -mlittle-endian -mcpu=v9.5 -mxl-soft-mul -Wl,--no-relax -o "hello_world.elf"  ./src/helloworld.o ./src/platform.o   -Wl,--start-group,-lxil,-lgcc,-lc,--end-group
Finished building target: hello_world.elf
 
Invoking: MicroBlaze Print Size
mb-size hello_world.elf  |tee "hello_world.elf.size"
   text	   data	    bss	    dec	    hex	filename
   4864	    304	   3152	   8320	   2080	hello_world.elf
Finished building: hello_world.elf.size
 
09:51:41 **** Incremental Build of configuration Debug for project hello_world ****
make all 
make: Nothing to be done for `all'.
09:52:01 **** Auto Build of configuration Debug for project hello_world ****
make all 
Building file: ../src/helloworld.c
Invoking: MicroBlaze gcc compiler
mb-gcc -Wall -O0 -g3 -c -fmessage-length=0 -MT"src/helloworld.o" -I../../hello_world_bsp/microblaze_0/include -mlittle-endian -mcpu=v9.5 -mxl-soft-mul -Wl,--no-relax -MMD -MP -MF"src/helloworld.d" -MT"src/helloworld.d" -o "src/helloworld.o" "../src/helloworld.c"
../src/helloworld.c: In function 'main':
[...]
Finished building target: hello_world.elf
 
Invoking: MicroBlaze Print Size
mb-size hello_world.elf  |tee "hello_world.elf.size"
   text	   data	    bss	    dec	    hex	filename
   4900	    304	   3156	   8360	   20a8	hello_world.elf
Finished building: hello_world.elf.size
 
18:55:55 **** Incremental Build of configuration Debug for project hello_world ****
make all 
make: Nothing to be done for `all'.
18:57:48 **** Incremental Build of configuration Debug for project hello_world ****
make all 
make: Nothing to be done for `all'.
19:54:36 **** Clean-only build of project hello_world_bsp ****
make -k clean 
rm -f microblaze_0/lib/libxil.a
19:54:36 **** Clean-only build of configuration Debug for project hello_world ****
make clean 
rm -rf  ./src/helloworld.o ./src/platform.o  ./src/helloworld.d ./src/platform.d  hello_world.elf.size  hello_world.elf
 
19:54:36 **** Build of project hello_world_bsp ****
make -k all 
Running Make include in microblaze_0/libsrc/bram_v4_0/src
make -C microblaze_0/libsrc/bram_v4_0/src -s include  "SHELL=/bin/sh" "COMPILER=mb-gcc" "ARCHIVER=mb-ar" "COMPILER_FLAGS= -O2 -c -mcpu=v9.5 -mlittle-endian -mxl-soft-mul" "EXTRA_COMPILER_FLAGS=-g"
Running Make include in microblaze_0/libsrc/cpu_v2_3/src
make -C microblaze_0/libsrc/cpu_v2_3/src -s include  "SHELL=/bin/sh" "COMPILER=mb-gcc" "ARCHIVER=mb-ar" "COMPILER_FLAGS= -O2 -c -mcpu=v9.5 -mlittle-endian -mxl-soft-mul" "EXTRA_COMPILER_FLAGS=-g"
Running Make include in microblaze_0/libsrc/gpio_v4_0/src
make -C microblaze_0/libsrc/gpio_v4_0/src -s include  "SHELL=/bin/sh" "COMPILER=mb-gcc" "ARCHIVER=mb-ar" "COMPILER_FLAGS= -O2 -c -mcpu=v9.5 -mlittle-endian -mxl-soft-mul" "EXTRA_COMPILER_FLAGS=-g"
Running Make include in microblaze_0/libsrc/standalone_v5_3/src
make -C microblaze_0/libsrc/standalone_v5_3/src -s include  "SHELL=/bin/sh" "COMPILER=mb-gcc" "ARCHIVER=mb-ar" "COMPILER_FLAGS= -O2 -c -mcpu=v9.5 -mlittle-endian -mxl-soft-mul" "EXTRA_COMPILER_FLAGS=-g"
Running Make include in microblaze_0/libsrc/uartlite_v3_1/src
make -C microblaze_0/libsrc/uartlite_v3_1/src -s include  "SHELL=/bin/sh" "COMPILER=mb-gcc" "ARCHIVER=mb-ar" "COMPILER_FLAGS= -O2 -c -mcpu=v9.5 -mlittle-endian -mxl-soft-mul" "EXTRA_COMPILER_FLAGS=-g"
Running Make libs in microblaze_0/libsrc/bram_v4_0/src
make -C microblaze_0/libsrc/bram_v4_0/src -s libs  "SHELL=/bin/sh" "COMPILER=mb-gcc" "ARCHIVER=mb-ar" "COMPILER_FLAGS= -O2 -c -mcpu=v9.5 -mlittle-endian -mxl-soft-mul" "EXTRA_COMPILER_FLAGS=-g"
Compiling bram
mb-ar: creating ../../../lib/libxil.a
Running Make libs in microblaze_0/libsrc/cpu_v2_3/src
make -C microblaze_0/libsrc/cpu_v2_3/src -s libs  "SHELL=/bin/sh" "COMPILER=mb-gcc" "ARCHIVER=mb-ar" "COMPILER_FLAGS= -O2 -c -mcpu=v9.5 -mlittle-endian -mxl-soft-mul" "EXTRA_COMPILER_FLAGS=-g"
Compiling cpu
Running Make libs in microblaze_0/libsrc/gpio_v4_0/src
make -C microblaze_0/libsrc/gpio_v4_0/src -s libs  "SHELL=/bin/sh" "COMPILER=mb-gcc" "ARCHIVER=mb-ar" "COMPILER_FLAGS= -O2 -c -mcpu=v9.5 -mlittle-endian -mxl-soft-mul" "EXTRA_COMPILER_FLAGS=-g"
Compiling gpio
Running Make libs in microblaze_0/libsrc/standalone_v5_3/src
make -C microblaze_0/libsrc/standalone_v5_3/src -s libs  "SHELL=/bin/sh" "COMPILER=mb-gcc" "ARCHIVER=mb-ar" "COMPILER_FLAGS= -O2 -c -mcpu=v9.5 -mlittle-endian -mxl-soft-mul" "EXTRA_COMPILER_FLAGS=-g"
Compiling standalone
Running Make libs in microblaze_0/libsrc/uartlite_v3_1/src
make -C microblaze_0/libsrc/uartlite_v3_1/src -s libs  "SHELL=/bin/sh" "COMPILER=mb-gcc" "ARCHIVER=mb-ar" "COMPILER_FLAGS= -O2 -c -mcpu=v9.5 -mlittle-endian -mxl-soft-mul" "EXTRA_COMPILER_FLAGS=-g"
Compiling uartlite
Finished building libraries
19:54:37 **** Build of configuration Debug for project hello_world ****
make all 
Building file: ../src/helloworld.c
Invoking: MicroBlaze gcc compiler
mb-gcc -Wall -O0 -g3 -c -fmessage-length=0 -MT"src/helloworld.o" -I../../hello_world_bsp/microblaze_0/include -mlittle-endian -mcpu=v9.5 -mxl-soft-mul -Wl,--no-relax -MMD -MP -MF"src/helloworld.d" -MT"src/helloworld.d" -o "src/helloworld.o" "../src/helloworld.c"
Finished building: ../src/helloworld.c
 
Building file: ../src/platform.c
Invoking: MicroBlaze gcc compiler
mb-gcc -Wall -O0 -g3 -c -fmessage-length=0 -MT"src/platform.o" -I../../hello_world_bsp/microblaze_0/include -mlittle-endian -mcpu=v9.5 -mxl-soft-mul -Wl,--no-relax -MMD -MP -MF"src/platform.d" -MT"src/platform.d" -o "src/platform.o" "../src/platform.c"
Finished building: ../src/platform.c
 
Building target: hello_world.elf
Invoking: MicroBlaze gcc linker
mb-gcc -Wl,-T -Wl,../src/lscript.ld -L../../hello_world_bsp/microblaze_0/lib -mlittle-endian -mcpu=v9.5 -mxl-soft-mul -Wl,--no-relax -o "hello_world.elf"  ./src/helloworld.o ./src/platform.o   -Wl,--start-group,-lxil,-lgcc,-lc,--end-group
Finished building target: hello_world.elf
 
Invoking: MicroBlaze Print Size
mb-size hello_world.elf  |tee "hello_world.elf.size"
   text	   data	    bss	    dec	    hex	filename
   4900	    304	   3156	   8360	   20a8	hello_world.elf
Finished building: hello_world.elf.size
 
19:54:45 **** Incremental Build of configuration Debug for project hello_world ****
make all 
make: Nothing to be done for `all'.
19:55:03 **** Incremental Build of configuration Debug for project hello_world ****
make all 
make: Nothing to be done for `all'.
19:55:36 **** Incremental Build of configuration Debug for project hello_world ****
make all 
make: Nothing to be done for `all'.
19:56:03 **** Incremental Build of configuration Debug for project hello_world ****
make all 
make: Nothing to be done for `all'.
19:57:24 **** Incremental Build of configuration Debug for project hello_world ****
make all 
make: Nothing to be done for `all'.
19:57:34 **** Incremental Build of configuration Debug for project hello_world ****
make all 
make: Nothing to be done for `all'.
11:34:35 **** Auto Build of configuration Debug for project hello_world ****
make all 
make: Nothing to be done for `all'.
11:34:54 **** Clean-only build of project hello_world_bsp ****
make -k clean 
rm -f microblaze_0/lib/libxil.a
11:34:55 **** Clean-only build of configuration Debug for project hello_world ****
make clean 
rm -rf  ./src/helloworld.o ./src/platform.o  ./src/helloworld.d ./src/platform.d  hello_world.elf.size  hello_world.elf
 
11:34:55 **** Build of project hello_world_bsp ****
make -k all 
Running Make include in microblaze_0/libsrc/bram_v4_0/src
make -C microblaze_0/libsrc/bram_v4_0/src -s include  "SHELL=/bin/sh" "COMPILER=mb-gcc" "ARCHIVER=mb-ar" "COMPILER_FLAGS= -O2 -c -mcpu=v9.5 -mlittle-endian -mxl-soft-mul" "EXTRA_COMPILER_FLAGS=-g"
Running Make include in microblaze_0/libsrc/cpu_v2_3/src
make -C microblaze_0/libsrc/cpu_v2_3/src -s include  "SHELL=/bin/sh" "COMPILER=mb-gcc" "ARCHIVER=mb-ar" "COMPILER_FLAGS= -O2 -c -mcpu=v9.5 -mlittle-endian -mxl-soft-mul" "EXTRA_COMPILER_FLAGS=-g"
Running Make include in microblaze_0/libsrc/gpio_v4_0/src
make -C microblaze_0/libsrc/gpio_v4_0/src -s include  "SHELL=/bin/sh" "COMPILER=mb-gcc" "ARCHIVER=mb-ar" "COMPILER_FLAGS= -O2 -c -mcpu=v9.5 -mlittle-endian -mxl-soft-mul" "EXTRA_COMPILER_FLAGS=-g"
Running Make include in microblaze_0/libsrc/standalone_v5_3/src
make -C microblaze_0/libsrc/standalone_v5_3/src -s include  "SHELL=/bin/sh" "COMPILER=mb-gcc" "ARCHIVER=mb-ar" "COMPILER_FLAGS= -O2 -c -mcpu=v9.5 -mlittle-endian -mxl-soft-mul" "EXTRA_COMPILER_FLAGS=-g"
Running Make include in microblaze_0/libsrc/uartlite_v3_1/src
make -C microblaze_0/libsrc/uartlite_v3_1/src -s include  "SHELL=/bin/sh" "COMPILER=mb-gcc" "ARCHIVER=mb-ar" "COMPILER_FLAGS= -O2 -c -mcpu=v9.5 -mlittle-endian -mxl-soft-mul" "EXTRA_COMPILER_FLAGS=-g"
Running Make libs in microblaze_0/libsrc/bram_v4_0/src
make -C microblaze_0/libsrc/bram_v4_0/src -s libs  "SHELL=/bin/sh" "COMPILER=mb-gcc" "ARCHIVER=mb-ar" "COMPILER_FLAGS= -O2 -c -mcpu=v9.5 -mlittle-endian -mxl-soft-mul" "EXTRA_COMPILER_FLAGS=-g"
Compiling bram
mb-ar: creating ../../../lib/libxil.a
Running Make libs in microblaze_0/libsrc/cpu_v2_3/src
make -C microblaze_0/libsrc/cpu_v2_3/src -s libs  "SHELL=/bin/sh" "COMPILER=mb-gcc" "ARCHIVER=mb-ar" "COMPILER_FLAGS= -O2 -c -mcpu=v9.5 -mlittle-endian -mxl-soft-mul" "EXTRA_COMPILER_FLAGS=-g"
Compiling cpu
Running Make libs in microblaze_0/libsrc/gpio_v4_0/src
make -C microblaze_0/libsrc/gpio_v4_0/src -s libs  "SHELL=/bin/sh" "COMPILER=mb-gcc" "ARCHIVER=mb-ar" "COMPILER_FLAGS= -O2 -c -mcpu=v9.5 -mlittle-endian -mxl-soft-mul" "EXTRA_COMPILER_FLAGS=-g"
Compiling gpio
Running Make libs in microblaze_0/libsrc/standalone_v5_3/src
make -C microblaze_0/libsrc/standalone_v5_3/src -s libs  "SHELL=/bin/sh" "COMPILER=mb-gcc" "ARCHIVER=mb-ar" "COMPILER_FLAGS= -O2 -c -mcpu=v9.5 -mlittle-endian -mxl-soft-mul" "EXTRA_COMPILER_FLAGS=-g"
Compiling standalone
Running Make libs in microblaze_0/libsrc/uartlite_v3_1/src
make -C microblaze_0/libsrc/uartlite_v3_1/src -s libs  "SHELL=/bin/sh" "COMPILER=mb-gcc" "ARCHIVER=mb-ar" "COMPILER_FLAGS= -O2 -c -mcpu=v9.5 -mlittle-endian -mxl-soft-mul" "EXTRA_COMPILER_FLAGS=-g"
Compiling uartlite
Finished building libraries
11:34:57 **** Build of configuration Debug for project hello_world ****
make all 
Building file: ../src/helloworld.c
Invoking: MicroBlaze gcc compiler
mb-gcc -Wall -O0 -g3 -c -fmessage-length=0 -MT"src/helloworld.o" -I../../hello_world_bsp/microblaze_0/include -mlittle-endian -mcpu=v9.5 -mxl-soft-mul -Wl,--no-relax -MMD -MP -MF"src/helloworld.d" -MT"src/helloworld.d" -o "src/helloworld.o" "../src/helloworld.c"
Finished building: ../src/helloworld.c
 
Building file: ../src/platform.c
Invoking: MicroBlaze gcc compiler
mb-gcc -Wall -O0 -g3 -c -fmessage-length=0 -MT"src/platform.o" -I../../hello_world_bsp/microblaze_0/include -mlittle-endian -mcpu=v9.5 -mxl-soft-mul -Wl,--no-relax -MMD -MP -MF"src/platform.d" -MT"src/platform.d" -o "src/platform.o" "../src/platform.c"
Finished building: ../src/platform.c
 
Building target: hello_world.elf
Invoking: MicroBlaze gcc linker
mb-gcc -Wl,-T -Wl,../src/lscript.ld -L../../hello_world_bsp/microblaze_0/lib -mlittle-endian -mcpu=v9.5 -mxl-soft-mul -Wl,--no-relax -o "hello_world.elf"  ./src/helloworld.o ./src/platform.o   -Wl,--start-group,-lxil,-lgcc,-lc,--end-group
Finished building target: hello_world.elf
 
Invoking: MicroBlaze Print Size
mb-size hello_world.elf  |tee "hello_world.elf.size"
   text	   data	    bss	    dec	    hex	filename
   4900	    304	   3156	   8360	   20a8	hello_world.elf
Finished building: hello_world.elf.size
 
11:37:10 **** Incremental Build of configuration Debug for project hello_world ****
make all 
make: Nothing to be done for `all'.
13:26:47 **** Clean-only build of project hello_world_bsp ****
make -k clean 
rm -f microblaze_0/lib/libxil.a
13:26:47 **** Clean-only build of configuration Debug for project hello_world ****
make clean 
rm -rf  ./src/helloworld.o ./src/platform.o  ./src/helloworld.d ./src/platform.d  hello_world.elf.size  hello_world.elf
 
13:26:48 **** Build of project hello_world_bsp ****
make -k all 
Running Make include in microblaze_0/libsrc/bram_v4_0/src
make -C microblaze_0/libsrc/bram_v4_0/src -s include  "SHELL=/bin/sh" "COMPILER=mb-gcc" "ARCHIVER=mb-ar" "COMPILER_FLAGS= -O2 -c -mcpu=v9.5 -mlittle-endian -mxl-soft-mul" "EXTRA_COMPILER_FLAGS=-g"
Running Make include in microblaze_0/libsrc/cpu_v2_3/src
make -C microblaze_0/libsrc/cpu_v2_3/src -s include  "SHELL=/bin/sh" "COMPILER=mb-gcc" "ARCHIVER=mb-ar" "COMPILER_FLAGS= -O2 -c -mcpu=v9.5 -mlittle-endian -mxl-soft-mul" "EXTRA_COMPILER_FLAGS=-g"
Running Make include in microblaze_0/libsrc/gpio_v4_0/src
make -C microblaze_0/libsrc/gpio_v4_0/src -s include  "SHELL=/bin/sh" "COMPILER=mb-gcc" "ARCHIVER=mb-ar" "COMPILER_FLAGS= -O2 -c -mcpu=v9.5 -mlittle-endian -mxl-soft-mul" "EXTRA_COMPILER_FLAGS=-g"
Running Make include in microblaze_0/libsrc/standalone_v5_3/src
make -C microblaze_0/libsrc/standalone_v5_3/src -s include  "SHELL=/bin/sh" "COMPILER=mb-gcc" "ARCHIVER=mb-ar" "COMPILER_FLAGS= -O2 -c -mcpu=v9.5 -mlittle-endian -mxl-soft-mul" "EXTRA_COMPILER_FLAGS=-g"
Running Make include in microblaze_0/libsrc/uartlite_v3_1/src
make -C microblaze_0/libsrc/uartlite_v3_1/src -s include  "SHELL=/bin/sh" "COMPILER=mb-gcc" "ARCHIVER=mb-ar" "COMPILER_FLAGS= -O2 -c -mcpu=v9.5 -mlittle-endian -mxl-soft-mul" "EXTRA_COMPILER_FLAGS=-g"
Running Make libs in microblaze_0/libsrc/bram_v4_0/src
make -C microblaze_0/libsrc/bram_v4_0/src -s libs  "SHELL=/bin/sh" "COMPILER=mb-gcc" "ARCHIVER=mb-ar" "COMPILER_FLAGS= -O2 -c -mcpu=v9.5 -mlittle-endian -mxl-soft-mul" "EXTRA_COMPILER_FLAGS=-g"
Compiling bram
mb-ar: creating ../../../lib/libxil.a
Running Make libs in microblaze_0/libsrc/cpu_v2_3/src
make -C microblaze_0/libsrc/cpu_v2_3/src -s libs  "SHELL=/bin/sh" "COMPILER=mb-gcc" "ARCHIVER=mb-ar" "COMPILER_FLAGS= -O2 -c -mcpu=v9.5 -mlittle-endian -mxl-soft-mul" "EXTRA_COMPILER_FLAGS=-g"
Compiling cpu
Running Make libs in microblaze_0/libsrc/gpio_v4_0/src
make -C microblaze_0/libsrc/gpio_v4_0/src -s libs  "SHELL=/bin/sh" "COMPILER=mb-gcc" "ARCHIVER=mb-ar" "COMPILER_FLAGS= -O2 -c -mcpu=v9.5 -mlittle-endian -mxl-soft-mul" "EXTRA_COMPILER_FLAGS=-g"
Compiling gpio
Running Make libs in microblaze_0/libsrc/standalone_v5_3/src
make -C microblaze_0/libsrc/standalone_v5_3/src -s libs  "SHELL=/bin/sh" "COMPILER=mb-gcc" "ARCHIVER=mb-ar" "COMPILER_FLAGS= -O2 -c -mcpu=v9.5 -mlittle-endian -mxl-soft-mul" "EXTRA_COMPILER_FLAGS=-g"
Compiling standalone
Running Make libs in microblaze_0/libsrc/uartlite_v3_1/src
make -C microblaze_0/libsrc/uartlite_v3_1/src -s libs  "SHELL=/bin/sh" "COMPILER=mb-gcc" "ARCHIVER=mb-ar" "COMPILER_FLAGS= -O2 -c -mcpu=v9.5 -mlittle-endian -mxl-soft-mul" "EXTRA_COMPILER_FLAGS=-g"
Compiling uartlite
Finished building libraries
13:26:50 **** Build of configuration Debug for project hello_world ****
make all 
Building file: ../src/helloworld.c
Invoking: MicroBlaze gcc compiler
mb-gcc -Wall -O0 -g3 -c -fmessage-length=0 -MT"src/helloworld.o" -I../../hello_world_bsp/microblaze_0/include -mlittle-endian -mcpu=v9.5 -mxl-soft-mul -Wl,--no-relax -MMD -MP -MF"src/helloworld.d" -MT"src/helloworld.d" -o "src/helloworld.o" "../src/helloworld.c"
Finished building: ../src/helloworld.c
 
Building file: ../src/platform.c
Invoking: MicroBlaze gcc compiler
mb-gcc -Wall -O0 -g3 -c -fmessage-length=0 -MT"src/platform.o" -I../../hello_world_bsp/microblaze_0/include -mlittle-endian -mcpu=v9.5 -mxl-soft-mul -Wl,--no-relax -MMD -MP -MF"src/platform.d" -MT"src/platform.d" -o "src/platform.o" "../src/platform.c"
Finished building: ../src/platform.c
 
Building target: hello_world.elf
Invoking: MicroBlaze gcc linker
mb-gcc -Wl,-T -Wl,../src/lscript.ld -L../../hello_world_bsp/microblaze_0/lib -mlittle-endian -mcpu=v9.5 -mxl-soft-mul -Wl,--no-relax -o "hello_world.elf"  ./src/helloworld.o ./src/platform.o   -Wl,--start-group,-lxil,-lgcc,-lc,--end-group
Finished building target: hello_world.elf
 
Invoking: MicroBlaze Print Size
mb-size hello_world.elf  |tee "hello_world.elf.size"
   text	   data	    bss	    dec	    hex	filename
   4900	    304	   3156	   8360	   20a8	hello_world.elf
Finished building: hello_world.elf.size
 
13:28:36 **** Incremental Build of configuration Debug for project hello_world ****
make all 
make: Nothing to be done for `all'.
13:37:04 **** Clean-only build of project hello_world_bsp ****
make -k clean 
rm -f microblaze_0/lib/libxil.a
13:37:04 **** Clean-only build of configuration Debug for project hello_world ****
make clean 
rm -rf  ./src/helloworld.o ./src/platform.o  ./src/helloworld.d ./src/platform.d  hello_world.elf.size  hello_world.elf
 
13:37:04 **** Build of project hello_world_bsp ****
make -k all 
Running Make include in microblaze_0/libsrc/bram_v4_0/src
make -C microblaze_0/libsrc/bram_v4_0/src -s include  "SHELL=/bin/sh" "COMPILER=mb-gcc" "ARCHIVER=mb-ar" "COMPILER_FLAGS= -O2 -c -mcpu=v9.5 -mlittle-endian -mxl-soft-mul" "EXTRA_COMPILER_FLAGS=-g"
Running Make include in microblaze_0/libsrc/cpu_v2_3/src
make -C microblaze_0/libsrc/cpu_v2_3/src -s include  "SHELL=/bin/sh" "COMPILER=mb-gcc" "ARCHIVER=mb-ar" "COMPILER_FLAGS= -O2 -c -mcpu=v9.5 -mlittle-endian -mxl-soft-mul" "EXTRA_COMPILER_FLAGS=-g"
Running Make include in microblaze_0/libsrc/gpio_v4_0/src
make -C microblaze_0/libsrc/gpio_v4_0/src -s include  "SHELL=/bin/sh" "COMPILER=mb-gcc" "ARCHIVER=mb-ar" "COMPILER_FLAGS= -O2 -c -mcpu=v9.5 -mlittle-endian -mxl-soft-mul" "EXTRA_COMPILER_FLAGS=-g"
Running Make include in microblaze_0/libsrc/standalone_v5_3/src
make -C microblaze_0/libsrc/standalone_v5_3/src -s include  "SHELL=/bin/sh" "COMPILER=mb-gcc" "ARCHIVER=mb-ar" "COMPILER_FLAGS= -O2 -c -mcpu=v9.5 -mlittle-endian -mxl-soft-mul" "EXTRA_COMPILER_FLAGS=-g"
Running Make include in microblaze_0/libsrc/uartlite_v3_1/src
make -C microblaze_0/libsrc/uartlite_v3_1/src -s include  "SHELL=/bin/sh" "COMPILER=mb-gcc" "ARCHIVER=mb-ar" "COMPILER_FLAGS= -O2 -c -mcpu=v9.5 -mlittle-endian -mxl-soft-mul" "EXTRA_COMPILER_FLAGS=-g"
Running Make libs in microblaze_0/libsrc/bram_v4_0/src
make -C microblaze_0/libsrc/bram_v4_0/src -s libs  "SHELL=/bin/sh" "COMPILER=mb-gcc" "ARCHIVER=mb-ar" "COMPILER_FLAGS= -O2 -c -mcpu=v9.5 -mlittle-endian -mxl-soft-mul" "EXTRA_COMPILER_FLAGS=-g"
Compiling bram
mb-ar: creating ../../../lib/libxil.a
Running Make libs in microblaze_0/libsrc/cpu_v2_3/src
make -C microblaze_0/libsrc/cpu_v2_3/src -s libs  "SHELL=/bin/sh" "COMPILER=mb-gcc" "ARCHIVER=mb-ar" "COMPILER_FLAGS= -O2 -c -mcpu=v9.5 -mlittle-endian -mxl-soft-mul" "EXTRA_COMPILER_FLAGS=-g"
Compiling cpu
Running Make libs in microblaze_0/libsrc/gpio_v4_0/src
make -C microblaze_0/libsrc/gpio_v4_0/src -s libs  "SHELL=/bin/sh" "COMPILER=mb-gcc" "ARCHIVER=mb-ar" "COMPILER_FLAGS= -O2 -c -mcpu=v9.5 -mlittle-endian -mxl-soft-mul" "EXTRA_COMPILER_FLAGS=-g"
Compiling gpio
Running Make libs in microblaze_0/libsrc/standalone_v5_3/src
make -C microblaze_0/libsrc/standalone_v5_3/src -s libs  "SHELL=/bin/sh" "COMPILER=mb-gcc" "ARCHIVER=mb-ar" "COMPILER_FLAGS= -O2 -c -mcpu=v9.5 -mlittle-endian -mxl-soft-mul" "EXTRA_COMPILER_FLAGS=-g"
Compiling standalone
Running Make libs in microblaze_0/libsrc/uartlite_v3_1/src
make -C microblaze_0/libsrc/uartlite_v3_1/src -s libs  "SHELL=/bin/sh" "COMPILER=mb-gcc" "ARCHIVER=mb-ar" "COMPILER_FLAGS= -O2 -c -mcpu=v9.5 -mlittle-endian -mxl-soft-mul" "EXTRA_COMPILER_FLAGS=-g"
Compiling uartlite
Finished building libraries
13:37:06 **** Build of configuration Debug for project hello_world ****
make all 
Building file: ../src/helloworld.c
Invoking: MicroBlaze gcc compiler
mb-gcc -Wall -O0 -g3 -c -fmessage-length=0 -MT"src/helloworld.o" -I../../hello_world_bsp/microblaze_0/include -mlittle-endian -mcpu=v9.5 -mxl-soft-mul -Wl,--no-relax -MMD -MP -MF"src/helloworld.d" -MT"src/helloworld.d" -o "src/helloworld.o" "../src/helloworld.c"
Finished building: ../src/helloworld.c
 
Building file: ../src/platform.c
Invoking: MicroBlaze gcc compiler
mb-gcc -Wall -O0 -g3 -c -fmessage-length=0 -MT"src/platform.o" -I../../hello_world_bsp/microblaze_0/include -mlittle-endian -mcpu=v9.5 -mxl-soft-mul -Wl,--no-relax -MMD -MP -MF"src/platform.d" -MT"src/platform.d" -o "src/platform.o" "../src/platform.c"
Finished building: ../src/platform.c
 
Building target: hello_world.elf
Invoking: MicroBlaze gcc linker
mb-gcc -Wl,-T -Wl,../src/lscript.ld -L../../hello_world_bsp/microblaze_0/lib -mlittle-endian -mcpu=v9.5 -mxl-soft-mul -Wl,--no-relax -o "hello_world.elf"  ./src/helloworld.o ./src/platform.o   -Wl,--start-group,-lxil,-lgcc,-lc,--end-group
Finished building target: hello_world.elf
 
Invoking: MicroBlaze Print Size
mb-size hello_world.elf  |tee "hello_world.elf.size"
   text	   data	    bss	    dec	    hex	filename
   4900	    304	   3156	   8360	   20a8	hello_world.elf
Finished building: hello_world.elf.size
 
13:37:53 **** Incremental Build of configuration Debug for project hello_world ****
make all 
make: Nothing to be done for `all'.
